This is XeTeX, Version 3.141592653-2.6-0.999997 (TeX Live 2025) (preloaded format=xelatex 2025.3.8)  13 AUG 2026 15:08
entering extended mode
 restricted \write18 enabled.
 %&-line parsing enabled.
**community_companion.tex
(./community_companion.tex
LaTeX2e <2024-11-01> patch level 2
L3 programming layer <2025-01-18>
(/usr/local/texlive/2025/texmf-dist/tex/latex/base/book.cls
Document Class: book 2024/06/29 v1.4n Standard LaTeX document class
(/usr/local/texlive/2025/texmf-dist/tex/latex/base/bk10.clo
File: bk10.clo 2024/06/29 v1.4n Standard LaTeX file (size option)
)
\c@part=\count192
\c@chapter=\count193
\c@section=\count194
\c@subsection=\count195
\c@subsubsection=\count196
\c@paragraph=\count197
\c@subparagraph=\count198
\c@figure=\count199
\c@table=\count266
\abovecaptionskip=\skip49
\belowcaptionskip=\skip50
\bibindent=\dimen141
) (/usr/local/texlive/2025/texmf-dist/tex/latex/base/fontenc.sty
Package: fontenc 2021/04/29 v2.0v Standard LaTeX package
LaTeX Font Info:    Trying to load font information for T1+lmr on input line 11
6.
(/usr/local/texlive/2025/texmf-dist/tex/latex/lm/t1lmr.fd
File: t1lmr.fd 2015/05/01 v1.6.1 Font defs for Latin Modern
)) (/usr/local/texlive/2025/texmf-dist/tex/latex/base/inputenc.sty
Package: inputenc 2024/02/08 v1.3d Input encoding file
\inpenc@prehook=\toks17
\inpenc@posthook=\toks18

Package inputenc Warning: inputenc package ignored with utf8 based engines.

) (/usr/local/texlive/2025/texmf-dist/tex/latex/base/textcomp.sty
Package: textcomp 2024/04/24 v2.1b Standard LaTeX package
) (/usr/local/texlive/2025/texmf-dist/tex/latex/lastpage/lastpage.sty
Package: lastpage 2025/01/27 v2.1e lastpage: 2.09 or 2e? (HMM)
(/usr/local/texlive/2025/texmf-dist/tex/latex/lastpage/lastpage2e.sty
Package: lastpage2e 2025/01/27 v2.1e Decide which 2e lastpage version to use (H
MM)
(/usr/local/texlive/2025/texmf-dist/tex/latex/lastpage/lastpagemodern.sty
Package: lastpagemodern 2025-01-27 v2.1e Refers to last page's name (HMM; JPG)
\c@lastpagecount=\count267
) 
)) (/usr/local/texlive/2025/texmf-dist/tex/latex/fontspec/fontspec.sty (/usr/lo
cal/texlive/2025/texmf-dist/tex/latex/l3packages/xparse/xparse.sty (/usr/local/
texlive/2025/texmf-dist/tex/latex/l3kernel/expl3.sty
Package: expl3 2025-01-18 L3 programming layer (loader) 
(/usr/local/texlive/2025/texmf-dist/tex/latex/l3backend/l3backend-xetex.def
File: l3backend-xetex.def 2024-05-08 L3 backend support: XeTeX
\g__graphics_track_int=\count268
\l__pdf_internal_box=\box52
\g__pdf_backend_annotation_int=\count269
\g__pdf_backend_link_int=\count270
))
Package: xparse 2024-08-16 L3 Experimental document command parser
)
Package: fontspec 2024/05/11 v2.9e Font selection for XeLaTeX and LuaLaTeX
(/usr/local/texlive/2025/texmf-dist/tex/latex/fontspec/fontspec-xetex.sty
Package: fontspec-xetex 2024/05/11 v2.9e Font selection for XeLaTeX and LuaLaTe
X
\l__fontspec_script_int=\count271
\l__fontspec_language_int=\count272
\l__fontspec_strnum_int=\count273
\l__fontspec_tmp_int=\count274
\l__fontspec_tmpa_int=\count275
\l__fontspec_tmpb_int=\count276
\l__fontspec_tmpc_int=\count277
\l__fontspec_em_int=\count278
\l__fontspec_emdef_int=\count279
\l__fontspec_strong_int=\count280
\l__fontspec_strongdef_int=\count281
\l__fontspec_tmpa_dim=\dimen142
\l__fontspec_tmpb_dim=\dimen143
\l__fontspec_tmpc_dim=\dimen144
(/usr/local/texlive/2025/texmf-dist/tex/latex/base/fontenc.sty
Package: fontenc 2021/04/29 v2.0v Standard LaTeX package
) (/usr/local/texlive/2025/texmf-dist/tex/latex/fontspec/fontspec.cfg))) (/usr/
local/texlive/2025/texmf-dist/tex/latex/xcolor/xcolor.sty
Package: xcolor 2024/09/29 v3.02 LaTeX color extensions (UK)
(/usr/local/texlive/2025/texmf-dist/tex/latex/graphics-cfg/color.cfg
File: color.cfg 2016/01/02 v1.6 sample color configuration
)
Package xcolor Info: Driver file: xetex.def on input line 274.
(/usr/local/texlive/2025/texmf-dist/tex/latex/graphics-def/xetex.def
File: xetex.def 2022/09/22 v5.0n Graphics/color driver for xetex
) (/usr/local/texlive/2025/texmf-dist/tex/latex/graphics/mathcolor.ltx)
Package xcolor Info: Model `cmy' substituted by `cmy0' on input line 1349.
Package xcolor Info: Model `RGB' extended on input line 1365.
Package xcolor Info: Model `HTML' substituted by `rgb' on input line 1367.
Package xcolor Info: Model `Hsb' substituted by `hsb' on input line 1368.
Package xcolor Info: Model `tHsb' substituted by `hsb' on input line 1369.
Package xcolor Info: Model `HSB' substituted by `hsb' on input line 1370.
Package xcolor Info: Model `Gray' substituted by `gray' on input line 1371.
Package xcolor Info: Model `wave' substituted by `hsb' on input line 1372.
) (/usr/local/texlive/2025/texmf-dist/tex/latex/graphics/dvipsnam.def
File: dvipsnam.def 2016/06/17 v3.0m Driver-dependent file (DPC,SPQR)
) (/usr/local/texlive/2025/texmf-dist/tex/latex/booktabs/booktabs.sty
Package: booktabs 2020/01/12 v1.61803398 Publication quality tables
\heavyrulewidth=\dimen145
\lightrulewidth=\dimen146
\cmidrulewidth=\dimen147
\belowrulesep=\dimen148
\belowbottomsep=\dimen149
\aboverulesep=\dimen150
\abovetopsep=\dimen151
\cmidrulesep=\dimen152
\cmidrulekern=\dimen153
\defaultaddspace=\dimen154
\@cmidla=\count282
\@cmidlb=\count283
\@aboverulesep=\dimen155
\@belowrulesep=\dimen156
\@thisruleclass=\count284
\@lastruleclass=\count285
\@thisrulewidth=\dimen157
) (/usr/local/texlive/2025/texmf-dist/tex/latex/tools/tabularx.sty
Package: tabularx 2023/12/11 v2.12a `tabularx' package (DPC)
(/usr/local/texlive/2025/texmf-dist/tex/latex/tools/array.sty
Package: array 2024/10/17 v2.6g Tabular extension package (FMi)
\col@sep=\dimen158
\ar@mcellbox=\box53
\extrarowheight=\dimen159
\NC@list=\toks19
\extratabsurround=\skip51
\backup@length=\skip52
\ar@cellbox=\box54
)
\TX@col@width=\dimen160
\TX@old@table=\dimen161
\TX@old@col=\dimen162
\TX@target=\dimen163
\TX@delta=\dimen164
\TX@cols=\count286
\TX@ftn=\toks20
) (/usr/local/texlive/2025/texmf-dist/tex/latex/needspace/needspace.sty
Package: needspace 2010/09/12 v1.3d reserve vertical space
) (/usr/local/texlive/2025/texmf-dist/tex/latex/ragged2e/ragged2e.sty
Package: ragged2e 2023/06/22 v3.6 ragged2e Package
\CenteringLeftskip=\skip53
\RaggedLeftLeftskip=\skip54
\RaggedRightLeftskip=\skip55
\CenteringRightskip=\skip56
\RaggedLeftRightskip=\skip57
\RaggedRightRightskip=\skip58
\CenteringParfillskip=\skip59
\RaggedLeftParfillskip=\skip60
\RaggedRightParfillskip=\skip61
\JustifyingParfillskip=\skip62
\CenteringParindent=\skip63
\RaggedLeftParindent=\skip64
\RaggedRightParindent=\skip65
\JustifyingParindent=\skip66
) (/usr/local/texlive/2025/texmf-dist/tex/latex/tools/multicol.sty
Package: multicol 2024/09/14 v1.9i multicolumn formatting (FMi)
\c@tracingmulticols=\count287
\mult@box=\box55
\multicol@leftmargin=\dimen165
\c@unbalance=\count288
\c@collectmore=\count289
\doublecol@number=\count290
\multicoltolerance=\count291
\multicolpretolerance=\count292
\full@width=\dimen166
\page@free=\dimen167
\premulticols=\dimen168
\postmulticols=\dimen169
\multicolsep=\skip67
\multicolbaselineskip=\skip68
\partial@page=\box56
\last@line=\box57
\mc@boxedresult=\box58
\maxbalancingoverflow=\dimen170
\mult@rightbox=\box59
\mult@grightbox=\box60
\mult@firstbox=\box61
\mult@gfirstbox=\box62
\@tempa=\box63
\@tempa=\box64
\@tempa=\box65
\@tempa=\box66
\@tempa=\box67
\@tempa=\box68
\@tempa=\box69
\@tempa=\box70
\@tempa=\box71
\@tempa=\box72
\@tempa=\box73
\@tempa=\box74
\@tempa=\box75
\@tempa=\box76
\@tempa=\box77
\@tempa=\box78
\@tempa=\box79
\@tempa=\box80
\@tempa=\box81
\@tempa=\box82
\@tempa=\box83
\@tempa=\box84
\@tempa=\box85
\@tempa=\box86
\@tempa=\box87
\@tempa=\box88
\@tempa=\box89
\@tempa=\box90
\@tempa=\box91
\@tempa=\box92
\@tempa=\box93
\@tempa=\box94
\@tempa=\box95
\@tempa=\box96
\@tempa=\box97
\@tempa=\box98
\c@minrows=\count293
\c@columnbadness=\count294
\c@finalcolumnbadness=\count295
\last@try=\dimen171
\multicolovershoot=\dimen172
\multicolundershoot=\dimen173
\mult@nat@firstbox=\box99
\colbreak@box=\box100
\mc@col@check@num=\count296
) (/usr/local/texlive/2025/texmf-dist/tex/latex/geometry/geometry.sty
Package: geometry 2020/01/02 v5.9 Page Geometry
(/usr/local/texlive/2025/texmf-dist/tex/latex/graphics/keyval.sty
Package: keyval 2022/05/29 v1.15 key=value parser (DPC)
\KV@toks@=\toks21
) (/usr/local/texlive/2025/texmf-dist/tex/generic/iftex/ifvtex.sty
Package: ifvtex 2019/10/25 v1.7 ifvtex legacy package. Use iftex instead.
(/usr/local/texlive/2025/texmf-dist/tex/generic/iftex/iftex.sty
Package: iftex 2024/12/12 v1.0g TeX engine tests
))
\Gm@cnth=\count297
\Gm@cntv=\count298
\c@Gm@tempcnt=\count299
\Gm@bindingoffset=\dimen174
\Gm@wd@mp=\dimen175
\Gm@odd@mp=\dimen176
\Gm@even@mp=\dimen177
\Gm@layoutwidth=\dimen178
\Gm@layoutheight=\dimen179
\Gm@layouthoffset=\dimen180
\Gm@layoutvoffset=\dimen181
\Gm@dimlist=\toks22
) (/usr/local/texlive/2025/texmf-dist/tex/latex/fancyhdr/fancyhdr.sty
Package: fancyhdr 2025/02/07 v5.2 Extensive control of page headers and footers

\f@nch@headwidth=\skip69
\f@nch@offset@elh=\skip70
\f@nch@offset@erh=\skip71
\f@nch@offset@olh=\skip72
\f@nch@offset@orh=\skip73
\f@nch@offset@elf=\skip74
\f@nch@offset@erf=\skip75
\f@nch@offset@olf=\skip76
\f@nch@offset@orf=\skip77
\f@nch@height=\skip78
\f@nch@footalignment=\skip79
\f@nch@widthL=\skip80
\f@nch@widthC=\skip81
\f@nch@widthR=\skip82
\@temptokenb=\toks23
) (/usr/local/texlive/2025/texmf-dist/tex/latex/titlesec/titlesec.sty
Package: titlesec 2025/01/04 v2.17 Sectioning titles
\ttl@box=\box101
\beforetitleunit=\skip83
\aftertitleunit=\skip84
\ttl@plus=\dimen182
\ttl@minus=\dimen183
\ttl@toksa=\toks24
\titlewidth=\dimen184
\titlewidthlast=\dimen185
\titlewidthfirst=\dimen186
)

Package fontspec Info: 
(fontspec)             Font family 'NotoSansCherokee-Regular(0)' created for
(fontspec)             font 'NotoSansCherokee-Regular' with options
(fontspec)             [Ligatures=TeX,Path=../../Noto_Sans_Cherokee/static/,Ext
ension=.ttf,BoldFont=NotoSansCherokee-Bold,AutoFakeSlant=0.2].
(fontspec)              
(fontspec)              This font family consists of the following NFSS
(fontspec)             series/shapes:
(fontspec)              
(fontspec)             - 'normal' (m/n) with NFSS spec.:
(fontspec)             <->"[../../Noto_Sans_Cherokee/static/NotoSansCherokee-Re
gular.ttf]/OT:script=latn;language=dflt;mapping=tex-text;"
(fontspec)             - 'bold' (b/n) with NFSS spec.:
(fontspec)             <->"[../../Noto_Sans_Cherokee/static/NotoSansCherokee-Bo
ld.ttf]/OT:script=latn;language=dflt;mapping=tex-text;"
(fontspec)             - 'italic' (m/it) with NFSS spec.:
(fontspec)             <->"[../../Noto_Sans_Cherokee/static/NotoSansCherokee-Re
gular.ttf]/OT:script=latn;language=dflt;slant=0.2;mapping=tex-text;"

(./community_companion.aux)
\openout1 = `community_companion.aux'.

LaTeX Font Info:    Checking defaults for OML/cmm/m/it on input line 24.
LaTeX Font Info:    ... okay on input line 24.
LaTeX Font Info:    Checking defaults for OMS/cmsy/m/n on input line 24.
LaTeX Font Info:    ... okay on input line 24.
LaTeX Font Info:    Checking defaults for OT1/cmr/m/n on input line 24.
LaTeX Font Info:    ... okay on input line 24.
LaTeX Font Info:    Checking defaults for T1/cmr/m/n on input line 24.
LaTeX Font Info:    ... okay on input line 24.
LaTeX Font Info:    Checking defaults for TS1/cmr/m/n on input line 24.
LaTeX Font Info:    ... okay on input line 24.
LaTeX Font Info:    Checking defaults for TU/lmr/m/n on input line 24.
LaTeX Font Info:    ... okay on input line 24.
LaTeX Font Info:    Checking defaults for OMX/cmex/m/n on input line 24.
LaTeX Font Info:    ... okay on input line 24.
LaTeX Font Info:    Checking defaults for U/cmr/m/n on input line 24.
LaTeX Font Info:    ... okay on input line 24.

Package fontspec Info: 
(fontspec)             Adjusting the maths setup (use [no-math] to avoid
(fontspec)             this).

\symlegacymaths=\mathgroup4
LaTeX Font Info:    Overwriting symbol font `legacymaths' in version `bold'
(Font)                  OT1/cmr/m/n --> OT1/cmr/bx/n on input line 24.
LaTeX Font Info:    Redeclaring math accent \acute on input line 24.
LaTeX Font Info:    Redeclaring math accent \grave on input line 24.
LaTeX Font Info:    Redeclaring math accent \ddot on input line 24.
LaTeX Font Info:    Redeclaring math accent \tilde on input line 24.
LaTeX Font Info:    Redeclaring math accent \bar on input line 24.
LaTeX Font Info:    Redeclaring math accent \breve on input line 24.
LaTeX Font Info:    Redeclaring math accent \check on input line 24.
LaTeX Font Info:    Redeclaring math accent \hat on input line 24.
LaTeX Font Info:    Redeclaring math accent \dot on input line 24.
LaTeX Font Info:    Redeclaring math accent \mathring on input line 24.
LaTeX Font Info:    Redeclaring math symbol \colon on input line 24.
LaTeX Font Info:    Redeclaring math symbol \Gamma on input line 24.
LaTeX Font Info:    Redeclaring math symbol \Delta on input line 24.
LaTeX Font Info:    Redeclaring math symbol \Theta on input line 24.
LaTeX Font Info:    Redeclaring math symbol \Lambda on input line 24.
LaTeX Font Info:    Redeclaring math symbol \Xi on input line 24.
LaTeX Font Info:    Redeclaring math symbol \Pi on input line 24.
LaTeX Font Info:    Redeclaring math symbol \Sigma on input line 24.
LaTeX Font Info:    Redeclaring math symbol \Upsilon on input line 24.
LaTeX Font Info:    Redeclaring math symbol \Phi on input line 24.
LaTeX Font Info:    Redeclaring math symbol \Psi on input line 24.
LaTeX Font Info:    Redeclaring math symbol \Omega on input line 24.
LaTeX Font Info:    Redeclaring math symbol \mathdollar on input line 24.
LaTeX Font Info:    Redeclaring symbol font `operators' on input line 24.
LaTeX Font Info:    Encoding `OT1' has changed to `TU' for symbol font
(Font)              `operators' in the math version `normal' on input line 24.
LaTeX Font Info:    Overwriting symbol font `operators' in version `normal'
(Font)                  OT1/cmr/m/n --> TU/NotoSansCherokee-Regular(0)/m/n on i
nput line 24.
LaTeX Font Info:    Encoding `OT1' has changed to `TU' for symbol font
(Font)              `operators' in the math version `bold' on input line 24.
LaTeX Font Info:    Overwriting symbol font `operators' in version `bold'
(Font)                  OT1/cmr/bx/n --> TU/NotoSansCherokee-Regular(0)/m/n on 
input line 24.
LaTeX Font Info:    Overwriting symbol font `operators' in version `normal'
(Font)                  TU/NotoSansCherokee-Regular(0)/m/n --> TU/NotoSansChero
kee-Regular(0)/m/n on input line 24.
LaTeX Font Info:    Overwriting math alphabet `\mathit' in version `normal'
(Font)                  OT1/cmr/m/it --> TU/NotoSansCherokee-Regular(0)/m/it on
 input line 24.
LaTeX Font Info:    Overwriting math alphabet `\mathbf' in version `normal'
(Font)                  OT1/cmr/bx/n --> TU/NotoSansCherokee-Regular(0)/b/n on 
input line 24.
LaTeX Font Info:    Overwriting math alphabet `\mathsf' in version `normal'
(Font)                  OT1/cmss/m/n --> TU/lmss/m/n on input line 24.
LaTeX Font Info:    Overwriting math alphabet `\mathtt' in version `normal'
(Font)                  OT1/cmtt/m/n --> TU/lmtt/m/n on input line 24.
LaTeX Font Info:    Overwriting symbol font `operators' in version `bold'
(Font)                  TU/NotoSansCherokee-Regular(0)/m/n --> TU/NotoSansChero
kee-Regular(0)/b/n on input line 24.
LaTeX Font Info:    Overwriting math alphabet `\mathit' in version `bold'
(Font)                  OT1/cmr/bx/it --> TU/NotoSansCherokee-Regular(0)/b/it o
n input line 24.
LaTeX Font Info:    Overwriting math alphabet `\mathsf' in version `bold'
(Font)                  OT1/cmss/bx/n --> TU/lmss/b/n on input line 24.
LaTeX Font Info:    Overwriting math alphabet `\mathtt' in version `bold'
(Font)                  OT1/cmtt/m/n --> TU/lmtt/b/n on input line 24.
*geometry* driver: auto-detecting
*geometry* detected driver: xetex
*geometry* verbose mode - [ preamble ] result:
* driver: xetex
* paper: custom
* layout: <same size as paper>
* layoutoffset:(h,v)=(0.0pt,0.0pt)
* modes: 
* h-part:(L,W,R)=(36.135pt, 542.02501pt, 36.135pt)
* v-part:(T,H,B)=(36.135pt, 722.7pt, 36.135pt)
* \paperwidth=614.295pt
* \paperheight=794.96999pt
* \textwidth=542.02501pt
* \textheight=722.7pt
* \oddsidemargin=-36.135pt
* \evensidemargin=-36.135pt
* \topmargin=-68.20248pt
* \headheight=14.0pt
* \headsep=18.06749pt
* \topskip=10.0pt
* \footskip=25.29494pt
* \marginparwidth=69.0pt
* \marginparsep=7.0pt
* \columnsep=10.0pt
* \skip\footins=9.0pt plus 4.0pt minus 2.0pt
* \hoffset=0.0pt
* \voffset=0.0pt
* \mag=1000
* \@twocolumnfalse
* \@twosidefalse
* \@mparswitchfalse
* \@reversemarginfalse
* (1in=72.27pt=25.4mm, 1cm=28.453pt)

LaTeX Font Info:    External font `cmex10' loaded for size
(Font)              <12> on input line 26.
LaTeX Font Info:    External font `cmex10' loaded for size
(Font)              <8> on input line 26.
LaTeX Font Info:    External font `cmex10' loaded for size
(Font)              <6> on input line 26.


[1


] (./community_companion.toc
LaTeX Font Info:    External font `cmex10' loaded for size
(Font)              <7> on input line 1.
LaTeX Font Info:    External font `cmex10' loaded for size
(Font)              <5> on input line 1.
)
\tf@toc=\write3
\openout3 = `community_companion.toc'.



[1

]
Overfull \hbox (15.0pt too wide) in paragraph at lines 47--157
[][] 
 []


Underfull \hbox (badness 10000) in paragraph at lines 47--157

 []


Overfull \hbox (15.0pt too wide) in paragraph at lines 174--194
[][] 
 []


Underfull \hbox (badness 10000) in paragraph at lines 174--194

 []

LaTeX Font Info:    Font shape `TU/NotoSansCherokee-Regular(0)/m/sl' in size <1
0> not available
(Font)              Font shape `TU/NotoSansCherokee-Regular(0)/m/it' tried inst
ead on input line 194.
[2]
Overfull \hbox (15.0pt too wide) in paragraph at lines 211--226
[][] 
 []


Underfull \hbox (badness 10000) in paragraph at lines 211--226

 []


Overfull \hbox (15.0pt too wide) in paragraph at lines 243--313
[][] 
 []


Underfull \hbox (badness 10000) in paragraph at lines 243--313

 []



[3]
Overfull \hbox (15.0pt too wide) in paragraph at lines 330--370
[][] 
 []


Underfull \hbox (badness 10000) in paragraph at lines 330--370

 []


Overfull \hbox (15.0pt too wide) in paragraph at lines 387--417
[][] 
 []


Underfull \hbox (badness 10000) in paragraph at lines 387--417

 []



[4]
Overfull \hbox (15.0pt too wide) in paragraph at lines 437--822
[][] 
 []


Underfull \hbox (badness 10000) in paragraph at lines 437--822

 []

[5]

[6]
Overfull \hbox (15.0pt too wide) in paragraph at lines 839--879
[][] 
 []


Underfull \hbox (badness 10000) in paragraph at lines 839--879

 []


Overfull \hbox (15.0pt too wide) in paragraph at lines 896--901
[][] 
 []


Underfull \hbox (badness 10000) in paragraph at lines 896--901

 []


Overfull \hbox (15.0pt too wide) in paragraph at lines 918--923
[][] 
 []


Underfull \hbox (badness 10000) in paragraph at lines 918--923

 []



[7]
Overfull \hbox (15.0pt too wide) in paragraph at lines 943--948
[][] 
 []


Underfull \hbox (badness 10000) in paragraph at lines 943--948

 []


Overfull \hbox (15.0pt too wide) in paragraph at lines 965--1070
[][] 
 []


Underfull \hbox (badness 10000) in paragraph at lines 965--1070

 []


Overfull \vbox (14.30133pt too high) has occurred while \output is active []

[8]
Overfull \hbox (15.0pt too wide) in paragraph at lines 1087--1167
[][] 
 []


Underfull \hbox (badness 10000) in paragraph at lines 1087--1167

 []


Overfull \hbox (15.0pt too wide) in paragraph at lines 1184--1199
[][] 
 []


Underfull \hbox (badness 10000) in paragraph at lines 1184--1199

 []



[9]
Overfull \hbox (15.0pt too wide) in paragraph at lines 1219--1229
[][] 
 []


Underfull \hbox (badness 10000) in paragraph at lines 1219--1229

 []


Overfull \hbox (15.0pt too wide) in paragraph at lines 1246--1266
[][] 
 []


Underfull \hbox (badness 10000) in paragraph at lines 1246--1266

 []


Overfull \hbox (15.0pt too wide) in paragraph at lines 1283--1443
[][] 
 []


Underfull \hbox (badness 10000) in paragraph at lines 1283--1443

 []

[10]
Overfull \hbox (15.0pt too wide) in paragraph at lines 1460--1470
[][] 
 []


Underfull \hbox (badness 10000) in paragraph at lines 1460--1470

 []



[11]
Overfull \hbox (15.0pt too wide) in paragraph at lines 1487--1497
[][] 
 []


Underfull \hbox (badness 10000) in paragraph at lines 1487--1497

 []


Overfull \hbox (15.0pt too wide) in paragraph at lines 1514--1539
[][] 
 []


Underfull \hbox (badness 10000) in paragraph at lines 1514--1539

 []


Overfull \hbox (15.0pt too wide) in paragraph at lines 1559--1674
[][] 
 []


Underfull \hbox (badness 10000) in paragraph at lines 1559--1674

 []

[12]
Overfull \hbox (15.0pt too wide) in paragraph at lines 1691--1711
[][] 
 []


Underfull \hbox (badness 10000) in paragraph at lines 1691--1711

 []


Overfull \hbox (15.0pt too wide) in paragraph at lines 1728--1788
[][] 
 []


Underfull \hbox (badness 10000) in paragraph at lines 1728--1788

 []

[13]
Overfull \hbox (15.0pt too wide) in paragraph at lines 1805--1825
[][] 
 []


Underfull \hbox (badness 10000) in paragraph at lines 1805--1825

 []


Overfull \hbox (15.0pt too wide) in paragraph at lines 1842--1847
[][] 
 []


Underfull \hbox (badness 10000) in paragraph at lines 1842--1847

 []



[14]
Overfull \hbox (15.0pt too wide) in paragraph at lines 1864--1869
[][] 
 []


Underfull \hbox (badness 10000) in paragraph at lines 1864--1869

 []


Overfull \hbox (15.0pt too wide) in paragraph at lines 1886--1891
[][] 
 []


Underfull \hbox (badness 10000) in paragraph at lines 1886--1891

 []


Overfull \hbox (15.0pt too wide) in paragraph at lines 1911--2031
[][] 
 []


Underfull \hbox (badness 10000) in paragraph at lines 1911--2031

 []

[15]
Overfull \hbox (15.0pt too wide) in paragraph at lines 2048--2053
[][] 
 []


Underfull \hbox (badness 10000) in paragraph at lines 2048--2053

 []


Overfull \hbox (15.0pt too wide) in paragraph at lines 2070--2110
[][] 
 []


Underfull \hbox (badness 10000) in paragraph at lines 2070--2110

 []

[16]
Overfull \hbox (15.0pt too wide) in paragraph at lines 2130--2270
[][] 
 []


Underfull \hbox (badness 10000) in paragraph at lines 2130--2270

 []


Overfull \vbox (6.12828pt too high) has occurred while \output is active []


Overfull \vbox (6.12828pt too high) has occurred while \output is active []



[17]
Overfull \hbox (15.0pt too wide) in paragraph at lines 2287--2297
[][] 
 []


Underfull \hbox (badness 10000) in paragraph at lines 2287--2297

 []


Overfull \hbox (15.0pt too wide) in paragraph at lines 2314--2324
[][] 
 []


Underfull \hbox (badness 10000) in paragraph at lines 2314--2324

 []


Overfull \hbox (15.0pt too wide) in paragraph at lines 2344--2414
[][] 
 []


Underfull \hbox (badness 10000) in paragraph at lines 2344--2414

 []

[18]
Overfull \hbox (15.0pt too wide) in paragraph at lines 2431--2471
[][] 
 []


Underfull \hbox (badness 10000) in paragraph at lines 2431--2471

 []


Overfull \hbox (15.0pt too wide) in paragraph at lines 2488--2523
[][] 
 []


Underfull \hbox (badness 10000) in paragraph at lines 2488--2523

 []



[19]
Overfull \hbox (15.0pt too wide) in paragraph at lines 2543--2568
[][] 
 []


Underfull \hbox (badness 10000) in paragraph at lines 2543--2568

 []


Overfull \hbox (15.0pt too wide) in paragraph at lines 2585--2595
[][] 
 []


Underfull \hbox (badness 10000) in paragraph at lines 2585--2595

 []


Overfull \hbox (15.0pt too wide) in paragraph at lines 2612--2622
[][] 
 []


Underfull \hbox (badness 10000) in paragraph at lines 2612--2622

 []



[20]
Overfull \hbox (15.0pt too wide) in paragraph at lines 2639--2694
[][] 
 []


Underfull \hbox (badness 10000) in paragraph at lines 2639--2694

 []


Overfull \hbox (15.0pt too wide) in paragraph at lines 2711--2741
[][] 
 []


Underfull \hbox (badness 10000) in paragraph at lines 2711--2741

 []



[21]
Overfull \hbox (15.0pt too wide) in paragraph at lines 2761--2786
[][] 
 []


Underfull \hbox (badness 10000) in paragraph at lines 2761--2786

 []


Overfull \hbox (15.0pt too wide) in paragraph at lines 2803--2808
[][] 
 []


Underfull \hbox (badness 10000) in paragraph at lines 2803--2808

 []


Overfull \hbox (15.0pt too wide) in paragraph at lines 2825--2905
[][] 
 []


Underfull \hbox (badness 10000) in paragraph at lines 2825--2905

 []

[22]
Overfull \hbox (15.0pt too wide) in paragraph at lines 2922--2932
[][] 
 []


Underfull \hbox (badness 10000) in paragraph at lines 2922--2932

 []


Overfull \hbox (15.0pt too wide) in paragraph at lines 2952--3002
[][] 
 []


Underfull \hbox (badness 10000) in paragraph at lines 2952--3002

 []

[23]
Overfull \hbox (15.0pt too wide) in paragraph at lines 3019--3039
[][] 
 []


Underfull \hbox (badness 10000) in paragraph at lines 3019--3039

 []


Overfull \hbox (15.0pt too wide) in paragraph at lines 3056--3071
[][] 
 []


Underfull \hbox (badness 10000) in paragraph at lines 3056--3071

 []


Overfull \hbox (15.0pt too wide) in paragraph at lines 3088--3093
[][] 
 []


Underfull \hbox (badness 10000) in paragraph at lines 3088--3093

 []



[24]
Overfull \hbox (15.0pt too wide) in paragraph at lines 3113--3123
[][] 
 []


Underfull \hbox (badness 10000) in paragraph at lines 3113--3123

 []


Overfull \hbox (15.0pt too wide) in paragraph at lines 3140--3145
[][] 
 []


Underfull \hbox (badness 10000) in paragraph at lines 3140--3145

 []


Overfull \hbox (15.0pt too wide) in paragraph at lines 3162--3167
[][] 
 []


Underfull \hbox (badness 10000) in paragraph at lines 3162--3167

 []



[25]
Overfull \hbox (15.0pt too wide) in paragraph at lines 3184--3194
[][] 
 []


Underfull \hbox (badness 10000) in paragraph at lines 3184--3194

 []


Overfull \hbox (15.0pt too wide) in paragraph at lines 3211--3261
[][] 
 []


Underfull \hbox (badness 10000) in paragraph at lines 3211--3261

 []



[26]
Overfull \hbox (15.0pt too wide) in paragraph at lines 3281--3366
[][] 
 []


Underfull \hbox (badness 10000) in paragraph at lines 3281--3366

 []


Overfull \hbox (15.0pt too wide) in paragraph at lines 3386--3396
[][] 
 []


Underfull \hbox (badness 10000) in paragraph at lines 3386--3396

 []



[27]
Overfull \hbox (15.0pt too wide) in paragraph at lines 3413--3453
[][] 
 []


Underfull \hbox (badness 10000) in paragraph at lines 3413--3453

 []


Overfull \hbox (15.0pt too wide) in paragraph at lines 3470--3475
[][] 
 []


Underfull \hbox (badness 10000) in paragraph at lines 3470--3475

 []


Overfull \hbox (15.0pt too wide) in paragraph at lines 3492--3512
[][] 
 []


Underfull \hbox (badness 10000) in paragraph at lines 3492--3512

 []



[28]
Overfull \hbox (15.0pt too wide) in paragraph at lines 3532--3597
[][] 
 []


Underfull \hbox (badness 10000) in paragraph at lines 3532--3597

 []


Overfull \hbox (15.0pt too wide) in paragraph at lines 3617--3677
[][] 
 []


Underfull \hbox (badness 10000) in paragraph at lines 3617--3677

 []

[29]
Overfull \hbox (15.0pt too wide) in paragraph at lines 3697--3722
[][] 
 []


Underfull \hbox (badness 10000) in paragraph at lines 3697--3722

 []


Overfull \hbox (15.0pt too wide) in paragraph at lines 3739--3754
[][] 
 []


Underfull \hbox (badness 10000) in paragraph at lines 3739--3754

 []



[30]
Overfull \hbox (15.0pt too wide) in paragraph at lines 3771--3791
[][] 
 []


Underfull \hbox (badness 10000) in paragraph at lines 3771--3791

 []


Overfull \hbox (15.0pt too wide) in paragraph at lines 3811--3826
[][] 
 []


Underfull \hbox (badness 10000) in paragraph at lines 3811--3826

 []


Overfull \hbox (15.0pt too wide) in paragraph at lines 3843--3848
[][] 
 []


Underfull \hbox (badness 10000) in paragraph at lines 3843--3848

 []



[31]
Overfull \hbox (15.0pt too wide) in paragraph at lines 3865--3875
[][] 
 []


Underfull \hbox (badness 10000) in paragraph at lines 3865--3875

 []


Overfull \hbox (15.0pt too wide) in paragraph at lines 3892--3902
[][] 
 []


Underfull \hbox (badness 10000) in paragraph at lines 3892--3902

 []


Overfull \hbox (15.0pt too wide) in paragraph at lines 3919--3929
[][] 
 []


Underfull \hbox (badness 10000) in paragraph at lines 3919--3929

 []


Overfull \hbox (15.0pt too wide) in paragraph at lines 3949--3999
[][] 
 []


Underfull \hbox (badness 10000) in paragraph at lines 3949--3999

 []

[32]
Overfull \hbox (15.0pt too wide) in paragraph at lines 4019--4029
[][] 
 []


Underfull \hbox (badness 10000) in paragraph at lines 4019--4029

 []


Overfull \hbox (15.0pt too wide) in paragraph at lines 4046--4061
[][] 
 []


Underfull \hbox (badness 10000) in paragraph at lines 4046--4061

 []



[33]
Overfull \hbox (15.0pt too wide) in paragraph at lines 4078--4088
[][] 
 []


Underfull \hbox (badness 10000) in paragraph at lines 4078--4088

 []


Overfull \hbox (15.0pt too wide) in paragraph at lines 4105--4115
[][] 
 []


Underfull \hbox (badness 10000) in paragraph at lines 4105--4115

 []


Overfull \hbox (15.0pt too wide) in paragraph at lines 4132--4137
[][] 
 []


Underfull \hbox (badness 10000) in paragraph at lines 4132--4137

 []


Overfull \hbox (15.0pt too wide) in paragraph at lines 4157--4192
[][] 
 []


Underfull \hbox (badness 10000) in paragraph at lines 4157--4192

 []

[34]
Overfull \hbox (15.0pt too wide) in paragraph at lines 4212--4247
[][] 
 []


Underfull \hbox (badness 10000) in paragraph at lines 4212--4247

 []


Overfull \hbox (15.0pt too wide) in paragraph at lines 4267--4287
[][] 
 []


Underfull \hbox (badness 10000) in paragraph at lines 4267--4287

 []



[35]
Overfull \hbox (15.0pt too wide) in paragraph at lines 4304--4309
[][] 
 []


Underfull \hbox (badness 10000) in paragraph at lines 4304--4309

 []


Overfull \hbox (15.0pt too wide) in paragraph at lines 4326--4331
[][] 
 []


Underfull \hbox (badness 10000) in paragraph at lines 4326--4331

 []


Overfull \hbox (15.0pt too wide) in paragraph at lines 4351--4361
[][] 
 []


Underfull \hbox (badness 10000) in paragraph at lines 4351--4361

 []



[36]
Overfull \hbox (15.0pt too wide) in paragraph at lines 4378--4383
[][] 
 []


Underfull \hbox (badness 10000) in paragraph at lines 4378--4383

 []


Overfull \hbox (15.0pt too wide) in paragraph at lines 4403--4423
[][] 
 []


Underfull \hbox (badness 10000) in paragraph at lines 4403--4423

 []


Overfull \hbox (15.0pt too wide) in paragraph at lines 4443--4463
[][] 
 []


Underfull \hbox (badness 10000) in paragraph at lines 4443--4463

 []



[37]
Overfull \hbox (15.0pt too wide) in paragraph at lines 4483--4498
[][] 
 []


Underfull \hbox (badness 10000) in paragraph at lines 4483--4498

 []


Overfull \hbox (15.0pt too wide) in paragraph at lines 4518--4528
[][] 
 []


Underfull \hbox (badness 10000) in paragraph at lines 4518--4528

 []


Overfull \hbox (15.0pt too wide) in paragraph at lines 4548--4558
[][] 
 []


Underfull \hbox (badness 10000) in paragraph at lines 4548--4558

 []



[38]
Overfull \hbox (15.0pt too wide) in paragraph at lines 4578--4588
[][] 
 []


Underfull \hbox (badness 10000) in paragraph at lines 4578--4588

 []



[39] 
enddocument/afterlastpage (AED): lastpage setting LastPage.
(./community_companion.aux)
 ***********
LaTeX2e <2024-11-01> patch level 2
L3 programming layer <2025-01-18>
 ***********
 ) 
Here is how much of TeX's memory you used:
 5533 strings out of 473832
 141749 string characters out of 5729482
 616355 words of memory out of 5000000
 28535 multiletter control sequences out of 15000+600000
 564747 words of font info for 69 fonts, out of 8000000 for 9000
 1348 hyphenation exceptions out of 8191
 79i,8n,93p,296b,308s stack positions out of 10000i,1000n,20000p,200000b,200000s

Output written on community_companion.pdf (40 pages).
