This is XeTeX, Version 3.141592653-2.6-0.999997 (TeX Live 2025) (preloaded format=xelatex 2025.3.8)  12 FEB 2026 11:08
entering extended mode
 restricted \write18 enabled.
 %&-line parsing enabled.
**main.tex
(./main.tex
LaTeX2e <2024-11-01> patch level 2
L3 programming layer <2025-01-18>
(/usr/local/texlive/2025/texmf-dist/tex/latex/base/article.cls
Document Class: article 2024/06/29 v1.4n Standard LaTeX document class
(/usr/local/texlive/2025/texmf-dist/tex/latex/base/size10.clo
File: size10.clo 2024/06/29 v1.4n Standard LaTeX file (size option)
)
\c@part=\count192
\c@section=\count193
\c@subsection=\count194
\c@subsubsection=\count195
\c@paragraph=\count196
\c@subparagraph=\count197
\c@figure=\count198
\c@table=\count199
\abovecaptionskip=\skip49
\belowcaptionskip=\skip50
\bibindent=\dimen141
) (/usr/local/texlive/2025/texmf-dist/tex/latex/fontspec/fontspec.sty (/usr/loc
al/texlive/2025/texmf-dist/tex/latex/l3packages/xparse/xparse.sty (/usr/local/t
exlive/2025/texmf-dist/tex/latex/l3kernel/expl3.sty
Package: expl3 2025-01-18 L3 programming layer (loader) 
(/usr/local/texlive/2025/texmf-dist/tex/latex/l3backend/l3backend-xetex.def
File: l3backend-xetex.def 2024-05-08 L3 backend support: XeTeX
\g__graphics_track_int=\count266
\l__pdf_internal_box=\box52
\g__pdf_backend_annotation_int=\count267
\g__pdf_backend_link_int=\count268
))
Package: xparse 2024-08-16 L3 Experimental document command parser
)
Package: fontspec 2024/05/11 v2.9e Font selection for XeLaTeX and LuaLaTeX
(/usr/local/texlive/2025/texmf-dist/tex/latex/fontspec/fontspec-xetex.sty
Package: fontspec-xetex 2024/05/11 v2.9e Font selection for XeLaTeX and LuaLaTe
X
\l__fontspec_script_int=\count269
\l__fontspec_language_int=\count270
\l__fontspec_strnum_int=\count271
\l__fontspec_tmp_int=\count272
\l__fontspec_tmpa_int=\count273
\l__fontspec_tmpb_int=\count274
\l__fontspec_tmpc_int=\count275
\l__fontspec_em_int=\count276
\l__fontspec_emdef_int=\count277
\l__fontspec_strong_int=\count278
\l__fontspec_strongdef_int=\count279
\l__fontspec_tmpa_dim=\dimen142
\l__fontspec_tmpb_dim=\dimen143
\l__fontspec_tmpc_dim=\dimen144
(/usr/local/texlive/2025/texmf-dist/tex/latex/base/fontenc.sty
Package: fontenc 2021/04/29 v2.0v Standard LaTeX package
) (/usr/local/texlive/2025/texmf-dist/tex/latex/fontspec/fontspec.cfg))) (/usr/
local/texlive/2025/texmf-dist/tex/latex/booktabs/booktabs.sty
Package: booktabs 2020/01/12 v1.61803398 Publication quality tables
\heavyrulewidth=\dimen145
\lightrulewidth=\dimen146
\cmidrulewidth=\dimen147
\belowrulesep=\dimen148
\belowbottomsep=\dimen149
\aboverulesep=\dimen150
\abovetopsep=\dimen151
\cmidrulesep=\dimen152
\cmidrulekern=\dimen153
\defaultaddspace=\dimen154
\@cmidla=\count280
\@cmidlb=\count281
\@aboverulesep=\dimen155
\@belowrulesep=\dimen156
\@thisruleclass=\count282
\@lastruleclass=\count283
\@thisrulewidth=\dimen157
) (/usr/local/texlive/2025/texmf-dist/tex/latex/geometry/geometry.sty
Package: geometry 2020/01/02 v5.9 Page Geometry
(/usr/local/texlive/2025/texmf-dist/tex/latex/graphics/keyval.sty
Package: keyval 2022/05/29 v1.15 key=value parser (DPC)
\KV@toks@=\toks17
) (/usr/local/texlive/2025/texmf-dist/tex/generic/iftex/ifvtex.sty
Package: ifvtex 2019/10/25 v1.7 ifvtex legacy package. Use iftex instead.
(/usr/local/texlive/2025/texmf-dist/tex/generic/iftex/iftex.sty
Package: iftex 2024/12/12 v1.0g TeX engine tests
))
\Gm@cnth=\count284
\Gm@cntv=\count285
\c@Gm@tempcnt=\count286
\Gm@bindingoffset=\dimen158
\Gm@wd@mp=\dimen159
\Gm@odd@mp=\dimen160
\Gm@even@mp=\dimen161
\Gm@layoutwidth=\dimen162
\Gm@layoutheight=\dimen163
\Gm@layouthoffset=\dimen164
\Gm@layoutvoffset=\dimen165
\Gm@dimlist=\toks18
)

Package fontspec Info: 
(fontspec)             Could not resolve font "Plantagenet Cherokee/BI" (it
(fontspec)             probably doesn't exist).


Package fontspec Info: 
(fontspec)             Could not resolve font "Plantagenet Cherokee/B" (it
(fontspec)             probably doesn't exist).


Package fontspec Info: 
(fontspec)             Could not resolve font "Plantagenet Cherokee/I" (it
(fontspec)             probably doesn't exist).


Package fontspec Info: 
(fontspec)             Font family 'PlantagenetCherokee(0)' created for font
(fontspec)             'Plantagenet Cherokee' with options [Ligatures=TeX].
(fontspec)              
(fontspec)              This font family consists of the following NFSS
(fontspec)             series/shapes:
(fontspec)              
(fontspec)             - 'normal' (m/n) with NFSS spec.: <->"Plantagenet
(fontspec)             Cherokee/OT:script=latn;language=dflt;mapping=tex-text;"


(./main.aux)
\openout1 = `main.aux'.

LaTeX Font Info:    Checking defaults for OML/cmm/m/it on input line 8.
LaTeX Font Info:    ... okay on input line 8.
LaTeX Font Info:    Checking defaults for OMS/cmsy/m/n on input line 8.
LaTeX Font Info:    ... okay on input line 8.
LaTeX Font Info:    Checking defaults for OT1/cmr/m/n on input line 8.
LaTeX Font Info:    ... okay on input line 8.
LaTeX Font Info:    Checking defaults for T1/cmr/m/n on input line 8.
LaTeX Font Info:    ... okay on input line 8.
LaTeX Font Info:    Checking defaults for TS1/cmr/m/n on input line 8.
LaTeX Font Info:    ... okay on input line 8.
LaTeX Font Info:    Checking defaults for TU/lmr/m/n on input line 8.
LaTeX Font Info:    ... okay on input line 8.
LaTeX Font Info:    Checking defaults for OMX/cmex/m/n on input line 8.
LaTeX Font Info:    ... okay on input line 8.
LaTeX Font Info:    Checking defaults for U/cmr/m/n on input line 8.
LaTeX Font Info:    ... okay on input line 8.

Package fontspec Info: 
(fontspec)             Adjusting the maths setup (use [no-math] to avoid
(fontspec)             this).

\symlegacymaths=\mathgroup4
LaTeX Font Info:    Overwriting symbol font `legacymaths' in version `bold'
(Font)                  OT1/cmr/m/n --> OT1/cmr/bx/n on input line 8.
LaTeX Font Info:    Redeclaring math accent \acute on input line 8.
LaTeX Font Info:    Redeclaring math accent \grave on input line 8.
LaTeX Font Info:    Redeclaring math accent \ddot on input line 8.
LaTeX Font Info:    Redeclaring math accent \tilde on input line 8.
LaTeX Font Info:    Redeclaring math accent \bar on input line 8.
LaTeX Font Info:    Redeclaring math accent \breve on input line 8.
LaTeX Font Info:    Redeclaring math accent \check on input line 8.
LaTeX Font Info:    Redeclaring math accent \hat on input line 8.
LaTeX Font Info:    Redeclaring math accent \dot on input line 8.
LaTeX Font Info:    Redeclaring math accent \mathring on input line 8.
LaTeX Font Info:    Redeclaring math symbol \colon on input line 8.
LaTeX Font Info:    Redeclaring math symbol \Gamma on input line 8.
LaTeX Font Info:    Redeclaring math symbol \Delta on input line 8.
LaTeX Font Info:    Redeclaring math symbol \Theta on input line 8.
LaTeX Font Info:    Redeclaring math symbol \Lambda on input line 8.
LaTeX Font Info:    Redeclaring math symbol \Xi on input line 8.
LaTeX Font Info:    Redeclaring math symbol \Pi on input line 8.
LaTeX Font Info:    Redeclaring math symbol \Sigma on input line 8.
LaTeX Font Info:    Redeclaring math symbol \Upsilon on input line 8.
LaTeX Font Info:    Redeclaring math symbol \Phi on input line 8.
LaTeX Font Info:    Redeclaring math symbol \Psi on input line 8.
LaTeX Font Info:    Redeclaring math symbol \Omega on input line 8.
LaTeX Font Info:    Redeclaring math symbol \mathdollar on input line 8.
LaTeX Font Info:    Redeclaring symbol font `operators' on input line 8.
LaTeX Font Info:    Encoding `OT1' has changed to `TU' for symbol font
(Font)              `operators' in the math version `normal' on input line 8.
LaTeX Font Info:    Overwriting symbol font `operators' in version `normal'
(Font)                  OT1/cmr/m/n --> TU/PlantagenetCherokee(0)/m/n on input 
line 8.
LaTeX Font Info:    Encoding `OT1' has changed to `TU' for symbol font
(Font)              `operators' in the math version `bold' on input line 8.
LaTeX Font Info:    Overwriting symbol font `operators' in version `bold'
(Font)                  OT1/cmr/bx/n --> TU/PlantagenetCherokee(0)/m/n on input
 line 8.
LaTeX Font Info:    Overwriting symbol font `operators' in version `normal'
(Font)                  TU/PlantagenetCherokee(0)/m/n --> TU/PlantagenetCheroke
e(0)/m/n on input line 8.
LaTeX Font Info:    Overwriting math alphabet `\mathit' in version `normal'
(Font)                  OT1/cmr/m/it --> TU/PlantagenetCherokee(0)/m/it on inpu
t line 8.
LaTeX Font Info:    Overwriting math alphabet `\mathbf' in version `normal'
(Font)                  OT1/cmr/bx/n --> TU/PlantagenetCherokee(0)/b/n on input
 line 8.
LaTeX Font Info:    Overwriting math alphabet `\mathsf' in version `normal'
(Font)                  OT1/cmss/m/n --> TU/lmss/m/n on input line 8.
LaTeX Font Info:    Overwriting math alphabet `\mathtt' in version `normal'
(Font)                  OT1/cmtt/m/n --> TU/lmtt/m/n on input line 8.
LaTeX Font Info:    Overwriting symbol font `operators' in version `bold'
(Font)                  TU/PlantagenetCherokee(0)/m/n --> TU/PlantagenetCheroke
e(0)/b/n on input line 8.
LaTeX Font Info:    Overwriting math alphabet `\mathit' in version `bold'
(Font)                  OT1/cmr/bx/it --> TU/PlantagenetCherokee(0)/b/it on inp
ut line 8.
LaTeX Font Info:    Overwriting math alphabet `\mathsf' in version `bold'
(Font)                  OT1/cmss/bx/n --> TU/lmss/b/n on input line 8.
LaTeX Font Info:    Overwriting math alphabet `\mathtt' in version `bold'
(Font)                  OT1/cmtt/m/n --> TU/lmtt/b/n on input line 8.
*geometry* driver: auto-detecting
*geometry* detected driver: xetex
*geometry* verbose mode - [ preamble ] result:
* driver: xetex
* paper: <default>
* layout: <same size as paper>
* layoutoffset:(h,v)=(0.0pt,0.0pt)
* modes: 
* h-part:(L,W,R)=(72.26999pt, 469.75502pt, 72.26999pt)
* v-part:(T,H,B)=(72.26999pt, 650.43001pt, 72.26999pt)
* \paperwidth=614.295pt
* \paperheight=794.96999pt
* \textwidth=469.75502pt
* \textheight=650.43001pt
* \oddsidemargin=0.0pt
* \evensidemargin=0.0pt
* \topmargin=-37.0pt
* \headheight=12.0pt
* \headsep=25.0pt
* \topskip=10.0pt
* \footskip=30.0pt
* \marginparwidth=65.0pt
* \marginparsep=11.0pt
* \columnsep=10.0pt
* \skip\footins=9.0pt plus 4.0pt minus 2.0pt
* \hoffset=0.0pt
* \voffset=0.0pt
* \mag=1000
* \@twocolumnfalse
* \@twosidefalse
* \@mparswitchfalse
* \@reversemarginfalse
* (1in=72.27pt=25.4mm, 1cm=28.453pt)

LaTeX Font Info:    External font `cmex10' loaded for size
(Font)              <12> on input line 9.
LaTeX Font Info:    External font `cmex10' loaded for size
(Font)              <8> on input line 9.
LaTeX Font Info:    External font `cmex10' loaded for size
(Font)              <6> on input line 9.

LaTeX Font Warning: Font shape `TU/PlantagenetCherokee(0)/b/n' undefined
(Font)              using `TU/PlantagenetCherokee(0)/m/n' instead on input line
 10.

(./main.toc)
\tf@toc=\write3
\openout3 = `main.toc'.



[1

] (./roots/root_J258J24.tex
LaTeX Font Info:    External font `cmex10' loaded for size
(Font)              <7> on input line 5.
LaTeX Font Info:    External font `cmex10' loaded for size
(Font)              <5> on input line 5.
) (./roots/root_J2x1aHwnbHVo.tex
Underfull \hbox (badness 10000) in paragraph at lines 3--1

 []

) (./roots/root_J2x8J2w.tex
Underfull \hbox (badness 10000) in paragraph at lines 3--1

 []


Underfull \hbox (badness 10000) in paragraph at lines 3--18

 []

) (./roots/root_Om58Om4.tex
Underfull \hbox (badness 10000) in paragraph at lines 19--1

 []



[2]
Underfull \hbox (badness 10000) in paragraph at lines 3--18

 []


Underfull \hbox (badness 10000) in paragraph at lines 19--34

 []

) (./roots/root_Om5hd3w.tex
Underfull \hbox (badness 10000) in paragraph at lines 35--1

 []

) (./roots/root_OmhzYW5lbmF0fDpoc2FuZW5hdA.tex
Underfull \hbox (badness 10000) in paragraph at lines 3--1

 []



[3]) (./roots/root_OmhzYWt3YWxlfDpoc2Frd2FsZQ.tex
Underfull \hbox (badness 10000) in paragraph at lines 3--1

 []

) (./roots/root_OmhzYXRvfDpoc2F0bw.tex
Underfull \hbox (badness 10000) in paragraph at lines 3--1

 []

) (./roots/root_Omhzb2h8Omhzb2g.tex
Underfull \hbox (badness 10000) in paragraph at lines 3--1

 []



[4]) (./roots/root_OmhzdnR8OmhzdnQ.tex
Underfull \hbox (badness 10000) in paragraph at lines 3--1

 []

) (./roots/root_Omt3YXlvfDprd2F5bw.tex
Underfull \hbox (badness 10000) in paragraph at lines 3--1

 []

) (./roots/root_Omt3aGVufDprd2hlbg.tex
Underfull \hbox (badness 10000) in paragraph at lines 3--1

 []

) (./roots/root_Omthd2V8Omthd2U.tex
Underfull \hbox (badness 10000) in paragraph at lines 3--1

 []



[5]) (./roots/root_OmtoYWh8OmtoYWg.tex
Underfull \hbox (badness 10000) in paragraph at lines 3--1

 []

) (./roots/root_OmtoYXw6a2hh.tex
Underfull \hbox (badness 10000) in paragraph at lines 3--1

 []

) (./roots/root_OmtodWxlfA.tex
Underfull \hbox (badness 10000) in paragraph at lines 3--1

 []



[6]) (./roots/root_Omx8Omw.tex
Underfull \hbox (badness 10000) in paragraph at lines 3--1

 []

) (./roots/root_OmxofDpsaA.tex
Underfull \hbox (badness 10000) in paragraph at lines 3--1

 []

) (./roots/root_OnR1fDp0dQ.tex
Underfull \hbox (badness 10000) in paragraph at lines 3--1

 []

) (./roots/root_OnR8OnQ.tex
Underfull \hbox (badness 10000) in paragraph at lines 3--1

 []



[7]) (./roots/root_OnRhbHVrfDp0YWx1aw.tex
Underfull \hbox (badness 10000) in paragraph at lines 3--1

 []

) (./roots/root_OnRleWhzdHw6dGV5YWhzdA.tex
Underfull \hbox (badness 10000) in paragraph at lines 3--1

 []

) (./roots/root_OnRpa3dhbHZ0ZXloc3R8OnRpa3dhbHZ0ZXloc3Q.tex
Underfull \hbox (badness 10000) in paragraph at lines 3--1

 []



[8]) (./roots/root_OnRsb3w6dGxv.tex
Underfull \hbox (badness 10000) in paragraph at lines 3--1

 []

) (./roots/root_OnRvbGl8OnRvbGk.tex
Underfull \hbox (badness 10000) in paragraph at lines 3--1

 []

) (./roots/root_OnRzYWthbHw6dHNha2Fs.tex
Underfull \hbox (badness 10000) in paragraph at lines 3--1

 []

) (./roots/root_OnRzYWxpa298OnRzYWxpa28.tex
Underfull \hbox (badness 10000) in paragraph at lines 3--1

 []



[9]) (./roots/root_OnRzYXlvfDp0c2F5bw.tex
Underfull \hbox (badness 10000) in paragraph at lines 3--1

 []

) (./roots/root_OnRzaGlub3w6dHNoaW5v.tex
Underfull \hbox (badness 10000) in paragraph at lines 3--1

 []

) (./roots/root_OnRzdndhaHN0fDp0c3Z3YWhzdA.tex
Underfull \hbox (badness 10000) in paragraph at lines 3--1

 []



[10]) (./roots/root_OnRzdnl8OnRzdnk.tex
Underfull \hbox (badness 10000) in paragraph at lines 3--1

 []

) (./roots/root_Ondoc3Z8.tex
Underfull \hbox (badness 10000) in paragraph at lines 3--1

 []

) (./roots/root_Onlld3w6eWV3aQ.tex
Underfull \hbox (badness 10000) in paragraph at lines 3--1

 []

) (./roots/root_OnlofDp5.tex
Underfull \hbox (badness 10000) in paragraph at lines 3--1

 []



[11]) (./roots/root_YW5lbG98YW5lbG8.tex
Underfull \hbox (badness 10000) in paragraph at lines 3--1

 []

) (./roots/root_YW5lbGh0fGFuZWxodA.tex
Underfull \hbox (badness 10000) in paragraph at lines 3--1

 []

) (./roots/root_YW5lbHxhbmVs.tex
Underfull \hbox (badness 10000) in paragraph at lines 3--1

 []



[12]) (./roots/root_YW5oYXd8YW5pdw.tex
Underfull \hbox (badness 10000) in paragraph at lines 3--1

 []


Underfull \hbox (badness 10000) in paragraph at lines 3--33

 []



[13]
Underfull \hbox (badness 10000) in paragraph at lines 34--64

 []

) (./roots/root_YW5oZWhza3xhbmVoc2s.tex
Underfull \hbox (badness 10000) in paragraph at lines 65--1

 []

) (./roots/root_YW5oZWxodHxhbmVsaHQ.tex
Underfull \hbox (badness 10000) in paragraph at lines 3--1

 []



[14]) (./roots/root_YW5oZXxhbmhl.tex
Underfull \hbox (badness 10000) in paragraph at lines 3--1

 []

) (./roots/root_YW5oaXxhbmk.tex
Underfull \hbox (badness 10000) in paragraph at lines 3--1

 []


Underfull \hbox (badness 10000) in paragraph at lines 3--18

 []



[15]) (./roots/root_YW5ob2xoaW58YW5vbGhpbg.tex
Underfull \hbox (badness 10000) in paragraph at lines 19--1

 []

) (./roots/root_YW5odHxhbnZ0.tex
Underfull \hbox (badness 10000) in paragraph at lines 3--1

 []


Underfull \hbox (badness 10000) in paragraph at lines 3--18

 []

) (./roots/root_YW5odXd8.tex
Underfull \hbox (badness 10000) in paragraph at lines 19--1

 []



[16]) (./roots/root_YWhzZWhzfGFoc2Vocw.tex
Underfull \hbox (badness 10000) in paragraph at lines 3--1

 []

) (./roots/root_YWhzZXxhaHNl.tex
Underfull \hbox (badness 10000) in paragraph at lines 3--1

 []

) (./roots/root_YWhza298YWhza28.tex
Underfull \hbox (badness 10000) in paragraph at lines 3--1

 []



[17]) (./roots/root_YWhza29saXl8YWhza29saXk.tex
Underfull \hbox (badness 10000) in paragraph at lines 3--1

 []

) (./roots/root_YWhza2FsZWhzdHw.tex
Underfull \hbox (badness 10000) in paragraph at lines 3--1

 []

) (./roots/root_YWhzaW58YWhzaW4.tex
Underfull \hbox (badness 10000) in paragraph at lines 3--1

 []

) (./roots/root_YWhzaWh0aHxhaHNpaHRo.tex
Underfull \hbox (badness 10000) in paragraph at lines 3--1

 []



[18]
Underfull \hbox (badness 10000) in paragraph at lines 3--18

 []

) (./roots/root_YWhzb25oc3R8YWhzb25oc3Q.tex
Underfull \hbox (badness 10000) in paragraph at lines 19--1

 []

) (./roots/root_YWhzb2x2dGF8YWhzb2x2dGE.tex
Underfull \hbox (badness 10000) in paragraph at lines 3--1

 []



[19]) (./roots/root_YWhzb3l8YWhzb3k.tex
Underfull \hbox (badness 10000) in paragraph at lines 3--1

 []

) (./roots/root_YWhzdGhheWV8YWhzdGhheWU.tex
Underfull \hbox (badness 10000) in paragraph at lines 3--1

 []

) (./roots/root_YWhzdWx8YWhzdWw.tex
Underfull \hbox (badness 10000) in paragraph at lines 3--1

 []



[20]
Underfull \hbox (badness 10000) in paragraph at lines 3--18

 []


Underfull \hbox (badness 10000) in paragraph at lines 19--34

 []


Underfull \hbox (badness 10000) in paragraph at lines 35--50

 []

) (./roots/root_YWhzdXdofGFoc3V3aA.tex
Underfull \hbox (badness 10000) in paragraph at lines 51--1

 []



[21]) (./roots/root_YWhzdXl8YWhzdXk.tex
Underfull \hbox (badness 10000) in paragraph at lines 3--1

 []


Underfull \hbox (badness 10000) in paragraph at lines 3--18

 []


Underfull \hbox (badness 10000) in paragraph at lines 19--34

 []

) (./roots/root_YWhzdXxhaHN1.tex
Underfull \hbox (badness 10000) in paragraph at lines 35--1

 []



[22]) (./roots/root_YWhzfGFocw.tex
Underfull \hbox (badness 10000) in paragraph at lines 3--1

 []

) (./roots/root_YWt2aHNrd3xha3Zoc2t3.tex
Underfull \hbox (badness 10000) in paragraph at lines 3--1

 []

) (./roots/root_YWt3aGl5did8YWt3aXl2Jw.tex
Underfull \hbox (badness 10000) in paragraph at lines 3--1

 []



[23]) (./roots/root_YWt3aGl5fGFrd2l5.tex
Underfull \hbox (badness 10000) in paragraph at lines 3--1

 []

) (./roots/root_YWt8YWs.tex
Underfull \hbox (badness 10000) in paragraph at lines 3--1

 []

) (./roots/root_YWthbHw.tex
Underfull \hbox (badness 10000) in paragraph at lines 3--1

 []

) (./roots/root_YWtoaWx2dHxha2hpbHZ0.tex
Underfull \hbox (badness 10000) in paragraph at lines 3--1

 []



[24]) (./roots/root_YWtoc2F0fA.tex
Underfull \hbox (badness 10000) in paragraph at lines 3--1

 []

) (./roots/root_YWtoc2Voc3R8YWthaHNlaHN0.tex
Underfull \hbox (badness 10000) in paragraph at lines 3--1

 []

) (./roots/root_YWtodGh8YWthdGg.tex
Underfull \hbox (badness 10000) in paragraph at lines 3--1

 []



[25]) (./roots/root_YWtodGhhaHN0fGFrYXRoYWhzdA.tex
Underfull \hbox (badness 10000) in paragraph at lines 3--1

 []

) (./roots/root_YWtodGhhaHxha2F0aGFo.tex
Underfull \hbox (badness 10000) in paragraph at lines 3--1

 []

) (./roots/root_YWtodGhpbnZ0fGFrYXRoaW52dA.tex
Underfull \hbox (badness 10000) in paragraph at lines 3--1

 []



[26]
Underfull \hbox (badness 10000) in paragraph at lines 3--18

 []


Underfull \hbox (badness 10000) in paragraph at lines 19--34

 []

) (./roots/root_YWtodGhvaHN0fGFrYXRob2hzdA.tex
Underfull \hbox (badness 10000) in paragraph at lines 35--1

 []

) (./roots/root_YWtvbnxha29u.tex
Underfull \hbox (badness 10000) in paragraph at lines 3--1

 []



[27]) (./roots/root_YWx0c2lrd3xhbHRzaWt3.tex
Underfull \hbox (badness 10000) in paragraph at lines 3--1

 []

) (./roots/root_YWxhaHN0YSd8YWxhaHN0YSc.tex
Underfull \hbox (badness 10000) in paragraph at lines 3--1

 []

) (./roots/root_YWxhaHN0fGFsYWhzdA.tex
Underfull \hbox (badness 10000) in paragraph at lines 3--1

 []



[28]) (./roots/root_YWxhaHN1bHxhbGFoc3Vs.tex
Underfull \hbox (badness 10000) in paragraph at lines 3--1

 []


Underfull \hbox (badness 10000) in paragraph at lines 3--18

 []


Underfull \hbox (badness 10000) in paragraph at lines 19--34

 []


Underfull \hbox (badness 10000) in paragraph at lines 35--50

 []



[29]) (./roots/root_YWxhaHNrYWx8YWxhaHNrYWw.tex
Underfull \hbox (badness 10000) in paragraph at lines 51--1

 []

) (./roots/root_YWxhaHNrfGFsYWhzaw.tex
Underfull \hbox (badness 10000) in paragraph at lines 3--1

 []

) (./roots/root_YWxlaHxhbGUn.tex
Underfull \hbox (badness 10000) in paragraph at lines 3--1

 []



[30]) (./roots/root_YWxlbmF8.tex
Underfull \hbox (badness 10000) in paragraph at lines 3--1

 []

) (./roots/root_YWxlbnxhbGVu.tex
Underfull \hbox (badness 10000) in paragraph at lines 3--1

 []

) (./roots/root_YWxld2hpaHN0fGFsZXdpaHN0.tex
Underfull \hbox (badness 10000) in paragraph at lines 3--1

 []

) (./roots/root_YWxlfGFsZQ.tex
Underfull \hbox (badness 10000) in paragraph at lines 3--1

 []



[31]) (./roots/root_YWxoYXdpdHxhdGxhd2l0.tex
Underfull \hbox (badness 10000) in paragraph at lines 3--1

 []

) (./roots/root_YWxoaXxhdGxp.tex
Underfull \hbox (badness 10000) in paragraph at lines 3--1

 []

) (./roots/root_YWxoc2t3YWx1dHw.tex
Underfull \hbox (badness 10000) in paragraph at lines 3--1

 []



[32]) (./roots/root_YWxoc2t3ZXRodWh8.tex
Underfull \hbox (badness 10000) in paragraph at lines 3--1

 []

) (./roots/root_YWxoc3R1bHw.tex
Underfull \hbox (badness 10000) in paragraph at lines 3--1

 []

) (./roots/root_YWxoc3Rhbmh8.tex
Underfull \hbox (badness 10000) in paragraph at lines 3--1

 []

) (./roots/root_YWxofGF0bA.tex
Underfull \hbox (badness 10000) in paragraph at lines 3--1

 []



[33]) (./roots/root_YWxpJ2l0fGFsaSdpdA.tex
Underfull \hbox (badness 10000) in paragraph at lines 3--1

 []

) (./roots/root_YWxpeW98YWxpeW8.tex
Underfull \hbox (badness 10000) in paragraph at lines 3--1

 []


Underfull \hbox (badness 10000) in paragraph at lines 3--18

 []



[34]
Underfull \hbox (badness 10000) in paragraph at lines 19--34

 []

) (./roots/root_YWxpeW9oc3xhbGl5b2hz.tex
Underfull \hbox (badness 10000) in paragraph at lines 35--1

 []

) (./roots/root_YXR8YXQ.tex
Underfull \hbox (badness 10000) in paragraph at lines 3--1

 []


Underfull \hbox (badness 10000) in paragraph at lines 3--33

 []



[35]) (./roots/root_YXRoYXdob2hzdHxhJ3Rhd2hvaHN0.tex
Underfull \hbox (badness 10000) in paragraph at lines 34--1

 []

) (./roots/root_YXRoaXlvfGEndGl5bw.tex
Underfull \hbox (badness 10000) in paragraph at lines 3--1

 []

) (./roots/root_YXRodXxhJ3R1.tex
Underfull \hbox (badness 10000) in paragraph at lines 3--1

 []



[36]) (./roots/root_YXRodnxhJ3R2.tex
Underfull \hbox (badness 10000) in paragraph at lines 3--1

 []

) (./roots/root_YXRpbnZ0fGF0aW52dA.tex
Underfull \hbox (badness 10000) in paragraph at lines 3--1

 []

) (./roots/root_YXRsfGF0bA.tex
Underfull \hbox (badness 10000) in paragraph at lines 3--1

 []



[37]) (./roots/root_YXRvfGF0bw.tex
Underfull \hbox (badness 10000) in paragraph at lines 3--1

 []

) (./roots/root_YXd8YXc.tex
Underfull \hbox (badness 10000) in paragraph at lines 3--1

 []

) (./roots/root_YXdob2xhdHxhJ3dvbGF0.tex
Underfull \hbox (badness 10000) in paragraph at lines 3--1

 []



[38]) (./roots/root_YXdvaGlsfGF3bydpbA.tex
Underfull \hbox (badness 10000) in paragraph at lines 3--1

 []

) (./roots/root_YXlodSdpbnxheXUnaW4.tex
Underfull \hbox (badness 10000) in paragraph at lines 3--1

 []

) (./roots/root_YnJlYWs.tex
Underfull \hbox (badness 10000) in paragraph at lines 3--1

 []

) (./roots/root_YnVybmluZw.tex
Underfull \hbox (badness 10000) in paragraph at lines 3--1

 []



[39]) (./roots/root_ZWhpaHN0YW58.tex
Underfull \hbox (badness 10000) in paragraph at lines 3--1

 []

) (./roots/root_ZWhvaGloc3R8ZSdvaGloc3Q.tex
Underfull \hbox (badness 10000) in paragraph at lines 3--1

 []

) (./roots/root_ZWhvfGUnbw.tex
Underfull \hbox (badness 10000) in paragraph at lines 3--1

 []



[40]) (./roots/root_ZWx8ZWw.tex
Underfull \hbox (badness 10000) in paragraph at lines 3--1

 []

) (./roots/root_ZWxodXxlbHU.tex
Underfull \hbox (badness 10000) in paragraph at lines 3--1

 []

) (./roots/root_ZWxpfA.tex
Underfull \hbox (badness 10000) in paragraph at lines 3--1

 []

) (./roots/root_ZWxvaG98ZWxvJ28.tex
Underfull \hbox (badness 10000) in paragraph at lines 3--1

 []



[41]) (./roots/root_ZXR8ZXQ.tex
Underfull \hbox (badness 10000) in paragraph at lines 3--1

 []

) (./roots/root_ZXRoaXl8.tex
Underfull \hbox (badness 10000) in paragraph at lines 3--1

 []

) (./roots/root_ZXl8ZXk.tex
Underfull \hbox (badness 10000) in paragraph at lines 3--1

 []



[42]) (./roots/root_ZXxl.tex
Underfull \hbox (badness 10000) in paragraph at lines 3--1

 []

) (./roots/root_a293aHRodmh0fGtvd2h0aHZodA.tex
Underfull \hbox (badness 10000) in paragraph at lines 3--1

 []

) (./roots/root_a298.tex
Underfull \hbox (badness 10000) in paragraph at lines 3--1

 []


Underfull \hbox (badness 10000) in paragraph at lines 3--18

 []



[43]) (./roots/root_a29saXl8a29saXk.tex
Underfull \hbox (badness 10000) in paragraph at lines 19--1

 []

) (./roots/root_a29uaGl5b3w.tex
Underfull \hbox (badness 10000) in paragraph at lines 3--1

 []

) (./roots/root_a2FsfA.tex
Underfull \hbox (badness 10000) in paragraph at lines 3--1

 []



[44]) (./roots/root_a2FuYXdodHxrYW5hd290.tex
Underfull \hbox (badness 10000) in paragraph at lines 3--1

 []

) (./roots/root_a2FuYXdvfA.tex
Underfull \hbox (badness 10000) in paragraph at lines 3--1

 []

) (./roots/root_a2FufGthbg.tex
Underfull \hbox (badness 10000) in paragraph at lines 3--1

 []



[45]) (./roots/root_a2h0aGF8a2F0aGE.tex
Underfull \hbox (badness 10000) in paragraph at lines 3--1

 []

) (./roots/root_a2h0aGVsdXxrYXRoZWx1.tex
Underfull \hbox (badness 10000) in paragraph at lines 3--1

 []

) (./roots/root_a2h0aGVufGthdGhlbg.tex
Underfull \hbox (badness 10000) in paragraph at lines 3--1

 []

) (./roots/root_a2h0aGlsfGthdGhpbA.tex
Underfull \hbox (badness 10000) in paragraph at lines 3--1

 []



[46]) (./roots/root_a2h0aHZsZXxrYXRodmxl.tex
Underfull \hbox (badness 10000) in paragraph at lines 3--1

 []

) (./roots/root_a2h0bGh8a2F0bGg.tex
Underfull \hbox (badness 10000) in paragraph at lines 3--1

 []

) (./roots/root_a2h1fCdrdQ.tex
Underfull \hbox (badness 10000) in paragraph at lines 3--1

 []



[47]) (./roots/root_a2h2aGF0fA.tex
Underfull \hbox (badness 10000) in paragraph at lines 3--1

 []

) (./roots/root_a2h8a2g.tex
Underfull \hbox (badness 10000) in paragraph at lines 3--1

 []

) (./roots/root_a2hhbm93YXR8a2Fub3dhdA.tex
Underfull \hbox (badness 10000) in paragraph at lines 3--1

 []

) (./roots/root_a2hhbmV5aHxrYW5leWg.tex
Underfull \hbox (badness 10000) in paragraph at lines 3--1

 []



[48]) (./roots/root_a2hhbmV8a2FuZQ.tex
Underfull \hbox (badness 10000) in paragraph at lines 3--1

 []

) (./roots/root_a2hlaHxraGVo.tex
Underfull \hbox (badness 10000) in paragraph at lines 3--1

 []

) (./roots/root_a2hld2F8J2tld2E.tex
Underfull \hbox (badness 10000) in paragraph at lines 3--1

 []



[49]) (./roots/root_a2hpfCdraQ.tex
Underfull \hbox (badness 10000) in paragraph at lines 3--1

 []

) (./roots/root_a2hvdHxraG90.tex
Underfull \hbox (badness 10000) in paragraph at lines 3--1

 []

) (./roots/root_a2hzb3xrYWhzbw.tex
Underfull \hbox (badness 10000) in paragraph at lines 3--1

 []

) (./roots/root_a2hzdHw.tex
Underfull \hbox (badness 10000) in paragraph at lines 3--1

 []



[50]) (./roots/root_a2hzdmhzdHxrYWhzdmhzdA.tex
Underfull \hbox (badness 10000) in paragraph at lines 3--1

 []

) (./roots/root_a2loc3R8a2loc3Q.tex
Underfull \hbox (badness 10000) in paragraph at lines 3--1

 []

) (./roots/root_a2lsaGl5b3xraWxpeW8.tex
Underfull \hbox (badness 10000) in paragraph at lines 3--1

 []



[51]) (./roots/root_a3Z3YWxodHxrdndhbG90.tex
Underfull \hbox (badness 10000) in paragraph at lines 3--1

 []

) (./roots/root_a3ZoYWx1eXxrdidhbHV5.tex
Underfull \hbox (badness 10000) in paragraph at lines 3--1

 []

) (./roots/root_a3Zoc2tvbHxrdmhza29s.tex
Underfull \hbox (badness 10000) in paragraph at lines 3--1

 []

) (./roots/root_a3dlbm90aGl8.tex
Underfull \hbox (badness 10000) in paragraph at lines 3--1

 []



[52]) (./roots/root_a3doYWxhfGt3aGFsYQ.tex
Underfull \hbox (badness 10000) in paragraph at lines 3--1

 []

) (./roots/root_a3dob2x8.tex
Underfull \hbox (badness 10000) in paragraph at lines 3--1

 []

) (./roots/root_a3xr.tex
Underfull \hbox (badness 10000) in paragraph at lines 3--1

 []



[53]) (./roots/root_aG95YXd8.tex
Underfull \hbox (badness 10000) in paragraph at lines 3--1

 []

) (./roots/root_aG9oa3xob2hr.tex
Underfull \hbox (badness 10000) in paragraph at lines 3--1

 []

) (./roots/root_aG9saHN0fGhvbGhzdA.tex
Underfull \hbox (badness 10000) in paragraph at lines 3--1

 []

) (./roots/root_aG9sfGhvbA.tex
Underfull \hbox (badness 10000) in paragraph at lines 3--1

 []



[54]) (./roots/root_aGF3b2hzdHwnYXdvaHN0.tex
Underfull \hbox (badness 10000) in paragraph at lines 3--1

 []

) (./roots/root_aGFoc3w.tex
Underfull \hbox (badness 10000) in paragraph at lines 3--1

 []

) (./roots/root_aGFsaG9rfA.tex
Underfull \hbox (badness 10000) in paragraph at lines 3--1

 []



[55]) (./roots/root_aGFsdXwnYWx1.tex
Underfull \hbox (badness 10000) in paragraph at lines 3--1

 []

) (./roots/root_aGFuZw.tex
Underfull \hbox (badness 10000) in paragraph at lines 3--1

 []


Underfull \hbox (badness 10000) in paragraph at lines 3--18

 []



[56]
Underfull \hbox (badness 10000) in paragraph at lines 19--34

 []


Underfull \hbox (badness 10000) in paragraph at lines 35--50

 []

) (./roots/root_aGFub2x8.tex
Underfull \hbox (badness 10000) in paragraph at lines 51--1

 []



[57]) (./roots/root_aGVsaXRzaHwnZWxpdHNo.tex
Underfull \hbox (badness 10000) in paragraph at lines 3--1

 []

) (./roots/root_aGVsaXwnZWxp.tex
Underfull \hbox (badness 10000) in paragraph at lines 3--1

 []

) (./roots/root_aGknaWxpdHw.tex
Underfull \hbox (badness 10000) in paragraph at lines 3--1

 []

) (./roots/root_aGl0.tex
Underfull \hbox (badness 10000) in paragraph at lines 3--1

 []



[58]) (./roots/root_aGl5dmhrd2l0fA.tex
Underfull \hbox (badness 10000) in paragraph at lines 3--1

 []

) (./roots/root_aGl5dmhzYW5hd2hzdHx5dmhzYW5hd2hzdA.tex
Underfull \hbox (badness 10000) in paragraph at lines 3--1

 []

) (./roots/root_aGloa3xoaw.tex
Underfull \hbox (badness 10000) in paragraph at lines 3--1

 []

) (./roots/root_aGloc29odGFufA.tex
Underfull \hbox (badness 10000) in paragraph at lines 3--1

 []



[59]) (./roots/root_aGloc29odHw.tex
Underfull \hbox (badness 10000) in paragraph at lines 3--1

 []

) (./roots/root_aGloc2F0fA.tex
Underfull \hbox (badness 10000) in paragraph at lines 3--1

 []

) (./roots/root_aGluaHxoaW5o.tex
Underfull \hbox (badness 10000) in paragraph at lines 3--1

 []



[60]) (./roots/root_aGlub3xubw.tex
Underfull \hbox (badness 10000) in paragraph at lines 3--1

 []

) (./roots/root_aGtob3R8.tex
Underfull \hbox (badness 10000) in paragraph at lines 3--1

 []

) (./roots/root_aGtob3RodHxraG90aHQ.tex
Underfull \hbox (badness 10000) in paragraph at lines 3--1

 []

) (./roots/root_aHN0YW52bnxoc3RhbnZu.tex
Underfull \hbox (badness 10000) in paragraph at lines 3--1

 []



[61]) (./roots/root_aHN0YWtheWh0fGhzdGFrYXlodA.tex
Underfull \hbox (badness 10000) in paragraph at lines 3--1

 []

) (./roots/root_aHN0YWtheXZ8.tex
Underfull \hbox (badness 10000) in paragraph at lines 3--1

 []

) (./roots/root_aHN0YXdhdHxoc3Rhd2F0.tex
Underfull \hbox (badness 10000) in paragraph at lines 3--1

 []



[62]) (./roots/root_aHN0YXl8aHN0YXk.tex
Underfull \hbox (badness 10000) in paragraph at lines 3--1

 []

) (./roots/root_aHN0YXlvfGhzdGF5bw.tex
Underfull \hbox (badness 10000) in paragraph at lines 3--1

 []

) (./roots/root_aHN0ZWx8aHN0ZWw.tex
Underfull \hbox (badness 10000) in paragraph at lines 3--1

 []



[63]) (./roots/root_aHN0ZXl8aHN0ZXk.tex
Underfull \hbox (badness 10000) in paragraph at lines 3--1

 []

) (./roots/root_aHN0aWt8aHN0aWs.tex
Underfull \hbox (badness 10000) in paragraph at lines 3--1

 []

) (./roots/root_aHN0b3l8aHN0b3k.tex
Underfull \hbox (badness 10000) in paragraph at lines 3--1

 []



[64]) (./roots/root_aHN0bHV8aHN0bHU.tex
Underfull \hbox (badness 10000) in paragraph at lines 3--1

 []

) (./roots/root_aHN0dWx8aHN0dWw.tex
Underfull \hbox (badness 10000) in paragraph at lines 3--1

 []


Underfull \hbox (badness 10000) in paragraph at lines 3--18

 []


Underfull \hbox (badness 10000) in paragraph at lines 19--34

 []



[65]) (./roots/root_aHN0dXRsfGhzdHV0bA.tex
Underfull \hbox (badness 10000) in paragraph at lines 35--1

 []

) (./roots/root_aHN0dXxoc3R1.tex
Underfull \hbox (badness 10000) in paragraph at lines 3--1

 []

) (./roots/root_aHN0dmhhbHxoc3R2aGFs.tex
Underfull \hbox (badness 10000) in paragraph at lines 3--1

 []



[66]) (./roots/root_aHN0dmx8aHN0dmw.tex
Underfull \hbox (badness 10000) in paragraph at lines 3--1

 []

) (./roots/root_aHN0fGhzdA.tex
Underfull \hbox (badness 10000) in paragraph at lines 3--1

 []

) (./roots/root_aHN1bGl8aHN1bGk.tex
Underfull \hbox (badness 10000) in paragraph at lines 3--1

 []

) (./roots/root_aHN1d2h8aHN1d2g.tex
Underfull \hbox (badness 10000) in paragraph at lines 3--1

 []



[67]) (./roots/root_aHN2aHN0fGhzdmhzdA.tex
Underfull \hbox (badness 10000) in paragraph at lines 3--1

 []

) (./roots/root_aHN2fGhzdg.tex
Underfull \hbox (badness 10000) in paragraph at lines 3--1

 []


Underfull \hbox (badness 10000) in paragraph at lines 3--18

 []



[68]) (./roots/root_aHN8aHM.tex
Underfull \hbox (badness 10000) in paragraph at lines 19--1

 []

) (./roots/root_aHNhbGF0fGhzYWxhdA.tex
Underfull \hbox (badness 10000) in paragraph at lines 3--1

 []

) (./roots/root_aHNhdHxoc2F0.tex
Underfull \hbox (badness 10000) in paragraph at lines 3--1

 []



[69]) (./roots/root_aHNpaHw.tex
Underfull \hbox (badness 10000) in paragraph at lines 3--1

 []

) (./roots/root_aHNrYW52fGhza2Fudg.tex
Underfull \hbox (badness 10000) in paragraph at lines 3--1

 []

) (./roots/root_aHNrYXxoc2th.tex
Underfull \hbox (badness 10000) in paragraph at lines 3--1

 []

) (./roots/root_aHNraW58aHNraW4.tex
Underfull \hbox (badness 10000) in paragraph at lines 3--1

 []



[70]) (./roots/root_aHNrb258aHNrb24.tex
Underfull \hbox (badness 10000) in paragraph at lines 3--1

 []

) (./roots/root_aHNrb2t8aHNrb2s.tex
Underfull \hbox (badness 10000) in paragraph at lines 3--1

 []

) (./roots/root_aHNrb2x2fA.tex
Underfull \hbox (badness 10000) in paragraph at lines 3--1

 []



[71]) (./roots/root_aHNrb2xodGFufGhza29saHRhbg.tex
Underfull \hbox (badness 10000) in paragraph at lines 3--1

 []

) (./roots/root_aHNrd29oYWx8aHNrd29oYWw.tex
Underfull \hbox (badness 10000) in paragraph at lines 3--1

 []

) (./roots/root_aHNrd2F0fA.tex
Underfull \hbox (badness 10000) in paragraph at lines 3--1

 []

) (./roots/root_aHNrd2FsaHxoc2t3YWxo.tex
Underfull \hbox (badness 10000) in paragraph at lines 3--1

 []



[72]) (./roots/root_aHNrd2Fsb3xoc2t3YWxv.tex
Underfull \hbox (badness 10000) in paragraph at lines 3--1

 []

) (./roots/root_aHNrd2FsdXR8aHNrd2FsdXQ.tex
Underfull \hbox (badness 10000) in paragraph at lines 3--1

 []

) (./roots/root_aHNrd2FsfGhza3dhbA.tex
Underfull \hbox (badness 10000) in paragraph at lines 3--1

 []



[73]
Underfull \hbox (badness 10000) in paragraph at lines 3--18

 []

) (./roots/root_aHNrd2FuaWtvfGhza3dhbmlrbw.tex
Underfull \hbox (badness 10000) in paragraph at lines 19--1

 []

) (./roots/root_aHNrd2V0aHVofGhza3dldGh1aA.tex
Underfull \hbox (badness 10000) in paragraph at lines 3--1

 []

) (./roots/root_aHNrd3xoc2t3.tex
Underfull \hbox (badness 10000) in paragraph at lines 3--1

 []



[74]) (./roots/root_aHNrdXxoc2t1.tex
Underfull \hbox (badness 10000) in paragraph at lines 3--1

 []

) (./roots/root_aHNsaHxoc2xo.tex
Underfull \hbox (badness 10000) in paragraph at lines 3--1

 []

) (./roots/root_aHNvaHN0fGhzb2hzdA.tex
Underfull \hbox (badness 10000) in paragraph at lines 3--1

 []



[75]) (./roots/root_aHNvbnxoc29u.tex
Underfull \hbox (badness 10000) in paragraph at lines 3--1

 []

) (./roots/root_aHRoYXR8dGhhdA.tex
Underfull \hbox (badness 10000) in paragraph at lines 3--1

 []

) (./roots/root_aHRoYXd8dGhhdw.tex
Underfull \hbox (badness 10000) in paragraph at lines 3--1

 []



[76]) (./roots/root_aHRoZWx8dGhlbA.tex
Underfull \hbox (badness 10000) in paragraph at lines 3--1

 []

) (./roots/root_aHRzYXRvfHRzYXRv.tex
Underfull \hbox (badness 10000) in paragraph at lines 3--1

 []

) (./roots/root_aHV8J3U.tex
Underfull \hbox (badness 10000) in paragraph at lines 3--1

 []

) (./roots/root_aHVsfCd1bA.tex
Underfull \hbox (badness 10000) in paragraph at lines 3--1

 []



[77]) (./roots/root_aHZ0YWhzdHxodnRhaHN0.tex
Underfull \hbox (badness 10000) in paragraph at lines 3--1

 []


Underfull \hbox (badness 10000) in paragraph at lines 3--18

 []

) (./roots/root_aHZ0fCd2dA.tex
Underfull \hbox (badness 10000) in paragraph at lines 19--1

 []



[78]) (./roots/root_aHZ0fGh2dA.tex
Underfull \hbox (badness 10000) in paragraph at lines 3--1

 []

) (./roots/root_aHZrfGh2aw.tex
Underfull \hbox (badness 10000) in paragraph at lines 3--1

 []

) (./roots/root_aHwn.tex
Underfull \hbox (badness 10000) in paragraph at lines 3--1

 []


Underfull \hbox (badness 10000) in paragraph at lines 3--18

 []



[79]
Underfull \hbox (badness 10000) in paragraph at lines 19--34

 []

) (./roots/root_aWhza2FsfGloc2thbA.tex
Underfull \hbox (badness 10000) in paragraph at lines 35--1

 []


Underfull \hbox (badness 10000) in paragraph at lines 3--18

 []

) (./roots/root_aWt3YWx2dGV5fGlrd2FsdnRleQ.tex
Underfull \hbox (badness 10000) in paragraph at lines 19--1

 []



[80]) (./roots/root_aWthbGV5b3w.tex
Underfull \hbox (badness 10000) in paragraph at lines 3--1

 []

) (./roots/root_aWthbGV5fGlrYWxleQ.tex
Underfull \hbox (badness 10000) in paragraph at lines 3--1

 []

) (./roots/root_aWxoZWh8.tex
Underfull \hbox (badness 10000) in paragraph at lines 3--1

 []



[81]) (./roots/root_aXR8aXQ.tex
Underfull \hbox (badness 10000) in paragraph at lines 3--1

 []

) (./roots/root_aXRoYXxpdGhh.tex
Underfull \hbox (badness 10000) in paragraph at lines 3--1

 []

) (./roots/root_aXd8.tex
Underfull \hbox (badness 10000) in paragraph at lines 3--1

 []

) (./roots/root_b25odHxvbmh0.tex
Underfull \hbox (badness 10000) in paragraph at lines 3--1

 []



[82]) (./roots/root_b2hpbnxvJ2lu.tex
Underfull \hbox (badness 10000) in paragraph at lines 3--1

 []

) (./roots/root_b2hpeWh0YW58bydpeWh0YW4.tex
Underfull \hbox (badness 10000) in paragraph at lines 3--1

 []

) (./roots/root_b2hpeXV8.tex
Underfull \hbox (badness 10000) in paragraph at lines 3--1

 []



[83]) (./roots/root_b2hvbmh0fG8nb25odA.tex
Underfull \hbox (badness 10000) in paragraph at lines 3--1

 []

) (./roots/root_b2hvfG8nbw.tex
Underfull \hbox (badness 10000) in paragraph at lines 3--1

 []

) (./roots/root_b2hzdHxvaHN0.tex
Underfull \hbox (badness 10000) in paragraph at lines 3--1

 []

) (./roots/root_b2hzfG9ocw.tex
Underfull \hbox (badness 10000) in paragraph at lines 3--1

 []



[84]
Underfull \hbox (badness 10000) in paragraph at lines 3--18

 []

) (./roots/root_b2todHw.tex
Underfull \hbox (badness 10000) in paragraph at lines 19--1

 []

) (./roots/root_b2tpbHw.tex
Underfull \hbox (badness 10000) in paragraph at lines 3--1

 []



[85]) (./roots/root_b2x8.tex
Underfull \hbox (badness 10000) in paragraph at lines 3--1

 []

) (./roots/root_b2xodnxvbHY.tex
Underfull \hbox (badness 10000) in paragraph at lines 3--1

 []

) (./roots/root_b2xofG9saA.tex
Underfull \hbox (badness 10000) in paragraph at lines 3--1

 []

) (./roots/root_b2xofG9saQ.tex
Underfull \hbox (badness 10000) in paragraph at lines 3--1

 []



[86]) (./roots/root_b2xpaHN0fG9saWhzdA.tex
Underfull \hbox (badness 10000) in paragraph at lines 3--1

 []


Underfull \hbox (badness 10000) in paragraph at lines 3--18

 []

) (./roots/root_b3R8b3Q.tex
Underfull \hbox (badness 10000) in paragraph at lines 19--1

 []



[87]) (./roots/root_b3RoaXxvdGhp.tex
Underfull \hbox (badness 10000) in paragraph at lines 3--1

 []

) (./roots/root_b3RzYW58b3RzYW4.tex
Underfull \hbox (badness 10000) in paragraph at lines 3--1

 []

) (./roots/root_b3doZWx8b3dlbA.tex
Underfull \hbox (badness 10000) in paragraph at lines 3--1

 []



[88]) (./roots/root_bG95fGxveQ.tex
Underfull \hbox (badness 10000) in paragraph at lines 3--1

 []

) (./roots/root_bG98bG8.tex
Underfull \hbox (badness 10000) in paragraph at lines 3--1

 []


Underfull \hbox (badness 10000) in paragraph at lines 3--18

 []



[89]) (./roots/root_bG9oaWhzfGxvJ2locw.tex
Underfull \hbox (badness 10000) in paragraph at lines 19--1

 []

) (./roots/root_bG9rfGxvaw.tex
Underfull \hbox (badness 10000) in paragraph at lines 3--1

 []



[90]) (./roots/root_bG9uYWhzdHxsb25haHN0.tex
Underfull \hbox (badness 10000) in paragraph at lines 3--1

 []

) (./roots/root_bG9uZw.tex
Underfull \hbox (badness 10000) in paragraph at lines 3--1

 []

) (./roots/root_bG9uaHR8bG9uaHQ.tex
Underfull \hbox (badness 10000) in paragraph at lines 3--1

 []



[91]) (./roots/root_bG9udXxsb251.tex
Underfull \hbox (badness 10000) in paragraph at lines 3--1

 []

) (./roots/root_bG9ufGxvbg.tex
Underfull \hbox (badness 10000) in paragraph at lines 3--1

 []

) (./roots/root_bGFoc2l0aHYnfA.tex
Underfull \hbox (badness 10000) in paragraph at lines 3--1

 []

) (./roots/root_bGFrb3xsYWtv.tex
Underfull \hbox (badness 10000) in paragraph at lines 3--1

 []



[92]) (./roots/root_bGFudnR8.tex
Underfull \hbox (badness 10000) in paragraph at lines 3--1

 []

) (./roots/root_bGV0c2h8bGV0c2g.tex
Underfull \hbox (badness 10000) in paragraph at lines 3--1

 []

) (./roots/root_bGV5dnxsZXl2.tex
Underfull \hbox (badness 10000) in paragraph at lines 3--1

 []



[93]) (./roots/root_bGV8.tex
Underfull \hbox (badness 10000) in paragraph at lines 3--1

 []

) (./roots/root_bGVufA.tex
Underfull \hbox (badness 10000) in paragraph at lines 3--1

 []

) (./roots/root_bGh8J2w.tex
Underfull \hbox (badness 10000) in paragraph at lines 3--1

 []



[94]
Underfull \hbox (badness 10000) in paragraph at lines 3--18

 []


Underfull \hbox (badness 10000) in paragraph at lines 19--34

 []

) (./roots/root_bGhhfGxoYQ.tex
Underfull \hbox (badness 10000) in paragraph at lines 35--1

 []

) (./roots/root_bGhpaGt3YXR8bGloa3dhdA.tex
Underfull \hbox (badness 10000) in paragraph at lines 3--1

 []



[95]) (./roots/root_bGhpbnw.tex
Underfull \hbox (badness 10000) in paragraph at lines 3--1

 []

) (./roots/root_bGhvfGxobw.tex
Underfull \hbox (badness 10000) in paragraph at lines 3--1

 []

) (./roots/root_bGknYXR8.tex
Underfull \hbox (badness 10000) in paragraph at lines 3--1

 []



[96]) (./roots/root_bGl0YWhzdHw.tex
Underfull \hbox (badness 10000) in paragraph at lines 3--1

 []

) (./roots/root_bGl3aG98bGl3bw.tex
Underfull \hbox (badness 10000) in paragraph at lines 3--1

 []

) (./roots/root_bGl5ZXR8.tex
Underfull \hbox (badness 10000) in paragraph at lines 3--1

 []

) (./roots/root_bGl8.tex
Underfull \hbox (badness 10000) in paragraph at lines 3--1

 []



[97]) (./roots/root_bHV5fGx1eQ.tex
Underfull \hbox (badness 10000) in paragraph at lines 3--1

 []

) (./roots/root_bHVsb3xsdWxv.tex
Underfull \hbox (badness 10000) in paragraph at lines 3--1

 []

) (./roots/root_bHZ0aGF8bHZ0aGE.tex
Underfull \hbox (badness 10000) in paragraph at lines 3--1

 []



[98]) (./roots/root_bHZ0dm5paHN0fGx2dHZuaWhzdA.tex
Underfull \hbox (badness 10000) in paragraph at lines 3--1

 []

) (./roots/root_bHZ3aGloc3Rhbnw.tex
Underfull \hbox (badness 10000) in paragraph at lines 3--1

 []

) (./roots/root_bHxs.tex
Underfull \hbox (badness 10000) in paragraph at lines 3--1

 []


Underfull \hbox (badness 10000) in paragraph at lines 3--18

 []



[99]
Underfull \hbox (badness 10000) in paragraph at lines 19--34

 []


Underfull \hbox (badness 10000) in paragraph at lines 35--50

 []


Underfull \hbox (badness 10000) in paragraph at lines 51--66

 []

) (./roots/root_bm90c2FsfG5vdHNhbA.tex
Underfull \hbox (badness 10000) in paragraph at lines 67--1

 []



[100]) (./roots/root_bm95dnxub3l2.tex
Underfull \hbox (badness 10000) in paragraph at lines 3--1

 []

) (./roots/root_bm9oYWx8bm8nYWw.tex
Underfull \hbox (badness 10000) in paragraph at lines 3--1

 []

) (./roots/root_bm9oc3xub2hz.tex
Underfull \hbox (badness 10000) in paragraph at lines 3--1

 []



[101]) (./roots/root_bm9odWt8.tex
Underfull \hbox (badness 10000) in paragraph at lines 3--1

 []

) (./roots/root_bm9sfA.tex
Underfull \hbox (badness 10000) in paragraph at lines 3--1

 []

) (./roots/root_bmF0aXd8bmF0aXc.tex
Underfull \hbox (badness 10000) in paragraph at lines 3--1

 []

) (./roots/root_bmF0fG5hdA.tex
Underfull \hbox (badness 10000) in paragraph at lines 3--1

 []



[102]) (./roots/root_bmF3aHN0fG5hd2hzdA.tex
Underfull \hbox (badness 10000) in paragraph at lines 3--1

 []

) (./roots/root_bmF3aHRofG5hd2h0aA.tex
Underfull \hbox (badness 10000) in paragraph at lines 3--1

 []

) (./roots/root_bmF3aXR8bmF3aXQ.tex
Underfull \hbox (badness 10000) in paragraph at lines 3--1

 []



[103]) (./roots/root_bmFsaHxuYWxo.tex
Underfull \hbox (badness 10000) in paragraph at lines 3--1

 []

) (./roots/root_bmFuZWhzfG5hbmVocw.tex
Underfull \hbox (badness 10000) in paragraph at lines 3--1

 []

) (./roots/root_bmV0bHxuZXRs.tex
Underfull \hbox (badness 10000) in paragraph at lines 3--1

 []

) (./roots/root_bmV3aGFodGh8bmV3YWh0aA.tex
Underfull \hbox (badness 10000) in paragraph at lines 3--1

 []



[104]) (./roots/root_bmV3aGl0fG5ld2l0.tex
Underfull \hbox (badness 10000) in paragraph at lines 3--1

 []

) (./roots/root_bmV8bmU.tex
Underfull \hbox (badness 10000) in paragraph at lines 3--1

 []


Underfull \hbox (badness 10000) in paragraph at lines 3--18

 []



[105]
Underfull \hbox (badness 10000) in paragraph at lines 19--34

 []

) (./roots/root_bmVoc295fA.tex
Underfull \hbox (badness 10000) in paragraph at lines 35--1

 []

) (./roots/root_bmVoc3RhbHxuZWhzdGFs.tex
Underfull \hbox (badness 10000) in paragraph at lines 3--1

 []

) (./roots/root_bmVofG5lJw.tex
Underfull \hbox (badness 10000) in paragraph at lines 3--1

 []



[106]) (./roots/root_bmVrYWx8bmVrYWw.tex
Underfull \hbox (badness 10000) in paragraph at lines 3--1

 []

) (./roots/root_bmVraSd8bmVraSc.tex
Underfull \hbox (badness 10000) in paragraph at lines 3--1

 []

) (./roots/root_bmVrb3l1fA.tex
Underfull \hbox (badness 10000) in paragraph at lines 3--1

 []



[107]) (./roots/root_bmVrdXRzfA.tex
Underfull \hbox (badness 10000) in paragraph at lines 3--1

 []

) (./roots/root_bmVrdXxuZWt1.tex
Underfull \hbox (badness 10000) in paragraph at lines 3--1

 []

) (./roots/root_bmVsfG5lbA.tex
Underfull \hbox (badness 10000) in paragraph at lines 3--1

 []

) (./roots/root_bmh0aGVofG52dGhlaA.tex
Underfull \hbox (badness 10000) in paragraph at lines 3--1

 []



[108]) (./roots/root_bmh0c3xudnRz.tex
Underfull \hbox (badness 10000) in paragraph at lines 3--1

 []


Underfull \hbox (badness 10000) in paragraph at lines 3--18

 []


Underfull \hbox (badness 10000) in paragraph at lines 19--34

 []



[109]) (./roots/root_bmh0fG52dA.tex
Underfull \hbox (badness 10000) in paragraph at lines 35--1

 []

) (./roots/root_bmh1a298bnVrbw.tex
Underfull \hbox (badness 10000) in paragraph at lines 3--1

 []

) (./roots/root_bmh2aHNvbHZoc3R8bnZoc29sdmhzdA.tex
Underfull \hbox (badness 10000) in paragraph at lines 3--1

 []

) (./roots/root_bmh2d3xudnc.tex
Underfull \hbox (badness 10000) in paragraph at lines 3--1

 []



[110]) (./roots/root_bmh8J24.tex
Underfull \hbox (badness 10000) in paragraph at lines 3--1

 []


Underfull \hbox (badness 10000) in paragraph at lines 3--18

 []

) (./roots/root_bmh8bnY.tex
Underfull \hbox (badness 10000) in paragraph at lines 19--1

 []



[111]) (./roots/root_bmhhaHNrd2FsfA.tex
Underfull \hbox (badness 10000) in paragraph at lines 3--1

 []

) (./roots/root_bmhhbHV8bmFsdQ.tex
Underfull \hbox (badness 10000) in paragraph at lines 3--1

 []

) (./roots/root_bmhhbHZ8.tex
Underfull \hbox (badness 10000) in paragraph at lines 3--1

 []


Underfull \hbox (badness 10000) in paragraph at lines 3--18

 []



[112]) (./roots/root_bmhhbHZoc3R8bmFsdmhzdA.tex
Underfull \hbox (badness 10000) in paragraph at lines 19--1

 []

) (./roots/root_bmhhd298bmF3bw.tex
Underfull \hbox (badness 10000) in paragraph at lines 3--1

 []

) (./roots/root_bmhhd2Foc3R8.tex
Underfull \hbox (badness 10000) in paragraph at lines 3--1

 []



[113]) (./roots/root_bmhhd2hzdHxuYXdoc3Q.tex
Underfull \hbox (badness 10000) in paragraph at lines 3--1

 []

) (./roots/root_bmhlJ2loc3R8bmUnaWhzdA.tex
Underfull \hbox (badness 10000) in paragraph at lines 3--1

 []

) (./roots/root_bmhla3dhdHxuZWt3YXQ.tex
Underfull \hbox (badness 10000) in paragraph at lines 3--1

 []

) (./roots/root_bmhlaGt3b3w.tex
Underfull \hbox (badness 10000) in paragraph at lines 3--1

 []



[114]) (./roots/root_bmhlaGt3fG5laGt3.tex
Underfull \hbox (badness 10000) in paragraph at lines 3--1

 []

) (./roots/root_bmhlaHN8bmVocw.tex
Underfull \hbox (badness 10000) in paragraph at lines 3--1

 []

) (./roots/root_bmhlaHNhbHxuZWhzYWw.tex
Underfull \hbox (badness 10000) in paragraph at lines 3--1

 []



[115]
Underfull \hbox (badness 10000) in paragraph at lines 3--18

 []

) (./roots/root_bmhlfG5l.tex
Underfull \hbox (badness 10000) in paragraph at lines 19--1

 []

) (./roots/root_bmhpbHxuaWw.tex
Underfull \hbox (badness 10000) in paragraph at lines 3--1

 []

) (./roots/root_bmhrd2EnfG5oa3dhJw.tex
Underfull \hbox (badness 10000) in paragraph at lines 3--1

 []



[116]) (./roots/root_bmhvaHxub2g.tex
Underfull \hbox (badness 10000) in paragraph at lines 3--1

 []

) (./roots/root_bmhveXxub3k.tex
Underfull \hbox (badness 10000) in paragraph at lines 3--1

 []

) (./roots/root_bmhvfG5v.tex
Underfull \hbox (badness 10000) in paragraph at lines 3--1

 []



[117]
Underfull \hbox (badness 10000) in paragraph at lines 3--18

 []

) (./roots/root_bmhzYW58bmFoc2Fu.tex
Underfull \hbox (badness 10000) in paragraph at lines 19--1

 []

) (./roots/root_bmhzaW58bmFoc2lu.tex
Underfull \hbox (badness 10000) in paragraph at lines 3--1

 []



[118]
Underfull \hbox (badness 10000) in paragraph at lines 3--18

 []

) (./roots/root_bmlrd2F0fG5pa3dhdA.tex
Underfull \hbox (badness 10000) in paragraph at lines 19--1

 []

) (./roots/root_bmlsaHxuaWxo.tex
Underfull \hbox (badness 10000) in paragraph at lines 3--1

 []

) (./roots/root_bmlsdnxuaWx2.tex
Underfull \hbox (badness 10000) in paragraph at lines 3--1

 []



[119]) (./roots/root_bmlsfG5pbA.tex
Underfull \hbox (badness 10000) in paragraph at lines 3--1

 []

) (./roots/root_bnV0aGV5fG51dGhleQ.tex
Underfull \hbox (badness 10000) in paragraph at lines 3--1

 []


Underfull \hbox (badness 10000) in paragraph at lines 3--18

 []



[120]) (./roots/root_bnV8bnU.tex
Underfull \hbox (badness 10000) in paragraph at lines 19--1

 []

) (./roots/root_bnZ0c3xudnRz.tex
Underfull \hbox (badness 10000) in paragraph at lines 3--1

 []

) (./roots/root_bnZ8bnY.tex
Underfull \hbox (badness 10000) in paragraph at lines 3--1

 []


Underfull \hbox (badness 10000) in paragraph at lines 3--18

 []



[121]
Underfull \hbox (badness 10000) in paragraph at lines 19--34

 []

) (./roots/root_bnZrYWx8bnZrYWw.tex
Underfull \hbox (badness 10000) in paragraph at lines 35--1

 []

) (./roots/root_bnZrd2FsfG52a3dhbA.tex
Underfull \hbox (badness 10000) in paragraph at lines 3--1

 []

) (./roots/root_bnZsaG98bnZsaG8.tex
Underfull \hbox (badness 10000) in paragraph at lines 3--1

 []



[122]) (./roots/root_bnxu.tex
Underfull \hbox (badness 10000) in paragraph at lines 3--1

 []


Underfull \hbox (badness 10000) in paragraph at lines 3--18

 []


Underfull \hbox (badness 10000) in paragraph at lines 19--34

 []



[123]) (./roots/root_c290aGF8c290aGE.tex
Underfull \hbox (badness 10000) in paragraph at lines 35--1

 []

) (./roots/root_c2F5.tex
Underfull \hbox (badness 10000) in paragraph at lines 3--1

 []

) (./roots/root_c2F8c2E.tex
Underfull \hbox (badness 10000) in paragraph at lines 3--1

 []

) (./roots/root_c2FrYWx8c2FrYWw.tex
Underfull \hbox (badness 10000) in paragraph at lines 3--1

 []



[124]) (./roots/root_c2FufHNhbg.tex
Underfull \hbox (badness 10000) in paragraph at lines 3--1

 []

) (./roots/root_c2VsfHNlbA.tex
Underfull \hbox (badness 10000) in paragraph at lines 3--1

 []

) (./roots/root_c2hvb3Q.tex
Underfull \hbox (badness 10000) in paragraph at lines 3--1

 []



[125]) (./roots/root_c2lsfA.tex
Underfull \hbox (badness 10000) in paragraph at lines 3--1

 []

) (./roots/root_c2tvfHNpaHNrbw.tex
Underfull \hbox (badness 10000) in paragraph at lines 3--1

 []

) (./roots/root_c3R8c2loc3Q.tex
Underfull \hbox (badness 10000) in paragraph at lines 3--1

 []

) (./roots/root_c3w.tex
Underfull \hbox (badness 10000) in paragraph at lines 3--1

 []



[126]) (./roots/root_d29uaHR8d29uaHQ.tex
Underfull \hbox (badness 10000) in paragraph at lines 3--1

 []

) (./roots/root_d29ufHdvbg.tex
Underfull \hbox (badness 10000) in paragraph at lines 3--1

 []

) (./roots/root_d2Voc29sdmhzdHx3ZWhzb2x2aHN0.tex
Underfull \hbox (badness 10000) in paragraph at lines 3--1

 []



[127]) (./roots/root_d2VsYWt8d2VsYWs.tex
Underfull \hbox (badness 10000) in paragraph at lines 3--1

 []

) (./roots/root_d2hhaHRofHdhaHRo.tex
Underfull \hbox (badness 10000) in paragraph at lines 3--1

 []

) (./roots/root_d2hhfA.tex
Underfull \hbox (badness 10000) in paragraph at lines 3--1

 []

) (./roots/root_d2hpfHdp.tex
Underfull \hbox (badness 10000) in paragraph at lines 3--1

 []



[128]) (./roots/root_d3x3.tex
Underfull \hbox (badness 10000) in paragraph at lines 3--1

 []

) (./roots/root_dG98dG8.tex
Underfull \hbox (badness 10000) in paragraph at lines 3--1

 []

) (./roots/root_dGh1J2loc3R8dGh1J2loc3Q.tex
Underfull \hbox (badness 10000) in paragraph at lines 3--1

 []



[129]) (./roots/root_dGh8dGg.tex
Underfull \hbox (badness 10000) in paragraph at lines 3--1

 []

) (./roots/root_dGhhbGhhd298.tex
Underfull \hbox (badness 10000) in paragraph at lines 3--1

 []

) (./roots/root_dGhhbHx0aGFs.tex
Underfull \hbox (badness 10000) in paragraph at lines 3--1

 []



[130]) (./roots/root_dGhhd2V0b3x0YXdldG8.tex
Underfull \hbox (badness 10000) in paragraph at lines 3--1

 []

) (./roots/root_dGhhdGVrfA.tex
Underfull \hbox (badness 10000) in paragraph at lines 3--1

 []

) (./roots/root_dGhheW98dGhheW8.tex
Underfull \hbox (badness 10000) in paragraph at lines 3--1

 []

) (./roots/root_dGhlbHx0aGVs.tex
Underfull \hbox (badness 10000) in paragraph at lines 3--1

 []



[131]) (./roots/root_dGloc3x0aWhz.tex
Underfull \hbox (badness 10000) in paragraph at lines 3--1

 []

) (./roots/root_dGx8dGw.tex
Underfull \hbox (badness 10000) in paragraph at lines 3--1

 []

) (./roots/root_dGxpaHN0fHRsaWhzdA.tex
Underfull \hbox (badness 10000) in paragraph at lines 3--1

 []



[132]) (./roots/root_dHN2aHN0fHRzdmhzdA.tex
Underfull \hbox (badness 10000) in paragraph at lines 3--1

 []

) (./roots/root_dHNpaHNsfHRzaWhzbA.tex
Underfull \hbox (badness 10000) in paragraph at lines 3--1

 []

) (./roots/root_dHx0.tex
Underfull \hbox (badness 10000) in paragraph at lines 3--1

 []

) (./roots/root_dWh8dSc.tex
Underfull \hbox (badness 10000) in paragraph at lines 3--1

 []



[133]) (./roots/root_dWhhbHx1J2Fs.tex
Underfull \hbox (badness 10000) in paragraph at lines 3--1

 []

) (./roots/root_dWhpaHN0fHUnaWhzdA.tex
Underfull \hbox (badness 10000) in paragraph at lines 3--1

 []

) (./roots/root_dWtodHx1a290.tex
Underfull \hbox (badness 10000) in paragraph at lines 3--1

 []



[134]) (./roots/root_dWx8.tex
Underfull \hbox (badness 10000) in paragraph at lines 3--1

 []

) (./roots/root_dWxofHVsaA.tex
Underfull \hbox (badness 10000) in paragraph at lines 3--1

 []

) (./roots/root_dXRhbHx1dGFs.tex
Underfull \hbox (badness 10000) in paragraph at lines 3--1

 []


Underfull \hbox (badness 10000) in paragraph at lines 3--18

 []



[135]) (./roots/root_dXRofHV0aA.tex
Underfull \hbox (badness 10000) in paragraph at lines 19--1

 []


Underfull \hbox (badness 10000) in paragraph at lines 3--18

 []

) (./roots/root_dXx1.tex
Underfull \hbox (badness 10000) in paragraph at lines 19--1

 []


Underfull \hbox (badness 10000) in paragraph at lines 3--18

 []



[136]) (./roots/root_dm52J2loc3R8dm52J2loc3Q.tex
Underfull \hbox (badness 10000) in paragraph at lines 19--1

 []


Underfull \hbox (badness 10000) in paragraph at lines 3--18

 []

) (./roots/root_dm58dm4.tex
Underfull \hbox (badness 10000) in paragraph at lines 19--1

 []


Underfull \hbox (badness 10000) in paragraph at lines 3--18

 []



[137]) (./roots/root_dm5hd298dm5hd28.tex
Underfull \hbox (badness 10000) in paragraph at lines 19--1

 []

) (./roots/root_dm5hd2h0fHZuYXdvdA.tex
Underfull \hbox (badness 10000) in paragraph at lines 3--1

 []

) (./roots/root_dm5lbHx2bmVs.tex
Underfull \hbox (badness 10000) in paragraph at lines 3--1

 []



[138]) (./roots/root_dm5odHx2bmh0.tex
Underfull \hbox (badness 10000) in paragraph at lines 3--1

 []


Underfull \hbox (badness 10000) in paragraph at lines 3--18

 []


Underfull \hbox (badness 10000) in paragraph at lines 19--34

 []

) (./roots/root_dm5vaHNhfHZub2hzYQ.tex
Underfull \hbox (badness 10000) in paragraph at lines 35--1

 []



[139]) (./roots/root_dmhza2FsfHZoc2thbA.tex
Underfull \hbox (badness 10000) in paragraph at lines 3--1

 []


Underfull \hbox (badness 10000) in paragraph at lines 3--18

 []

) (./roots/root_dmhza3dhbHx2aHNrd2Fs.tex
Underfull \hbox (badness 10000) in paragraph at lines 19--1

 []



[140]) (./roots/root_dmt1fA.tex
Underfull \hbox (badness 10000) in paragraph at lines 3--1

 []

) (./roots/root_dmtoZXd8.tex
Underfull \hbox (badness 10000) in paragraph at lines 3--1

 []

) (./roots/root_dnR8dnQ.tex
Underfull \hbox (badness 10000) in paragraph at lines 3--1

 []

) (./roots/root_dnRob2h8dnRob2g.tex
Underfull \hbox (badness 10000) in paragraph at lines 3--1

 []



[141]) (./roots/root_dnRpeXx2dGl5.tex
Underfull \hbox (badness 10000) in paragraph at lines 3--1

 []

) (./roots/root_dnRzYWx8dnRzYWw.tex
Underfull \hbox (badness 10000) in paragraph at lines 3--1

 []

) (./roots/root_dndhbHx2d2Fs.tex
Underfull \hbox (badness 10000) in paragraph at lines 3--1

 []

) (./roots/root_dnl8.tex
Underfull \hbox (badness 10000) in paragraph at lines 3--1

 []



[142]) (./roots/root_eW98eW8.tex
Underfull \hbox (badness 10000) in paragraph at lines 3--1

 []

) (./roots/root_eW9odWhzfA.tex
Underfull \hbox (badness 10000) in paragraph at lines 3--1

 []



[143]) (./roots/root_eW9sfHlvbA.tex
Underfull \hbox (badness 10000) in paragraph at lines 3--1

 []


Underfull \hbox (badness 10000) in paragraph at lines 3--18

 []

) (./roots/root_eWF3ZXw.tex
Underfull \hbox (badness 10000) in paragraph at lines 19--1

 []

) (./roots/root_eWV8eWU.tex
Underfull \hbox (badness 10000) in paragraph at lines 3--1

 []



[144]) (./roots/root_eWVoc3Voc3R8eWVoc3Voc3Q.tex
Underfull \hbox (badness 10000) in paragraph at lines 3--1

 []

) (./roots/root_eWVoc3Voc3RofHllaHN1aHN0aA.tex
Underfull \hbox (badness 10000) in paragraph at lines 3--1

 []


Underfull \hbox (badness 10000) in paragraph at lines 3--18

 []



[145]) (./roots/root_eWVoc3VsfHllaHN1bA.tex
Underfull \hbox (badness 10000) in paragraph at lines 19--1

 []


Underfull \hbox (badness 10000) in paragraph at lines 3--18

 []

) (./roots/root_eWh0fHl2dA.tex
Underfull \hbox (badness 10000) in paragraph at lines 19--1

 []

) (./roots/root_eWh2a2hpfHl2a2hp.tex
Underfull \hbox (badness 10000) in paragraph at lines 3--1

 []



[146]) (./roots/root_eWh2a3x5dms.tex
Underfull \hbox (badness 10000) in paragraph at lines 3--1

 []

) (./roots/root_eWh2aGt3aXR8eXZoa3dpdA.tex
Underfull \hbox (badness 10000) in paragraph at lines 3--1

 []

) (./roots/root_eWh2aHN0ZWx1fHl2aHN0ZWx1.tex
Underfull \hbox (badness 10000) in paragraph at lines 3--1

 []



[147]) (./roots/root_eWh2aHN0b3l8.tex
Underfull \hbox (badness 10000) in paragraph at lines 3--1

 []

) (./roots/root_eWh2aHN0fA.tex
Underfull \hbox (badness 10000) in paragraph at lines 3--1

 []

) (./roots/root_eWh2aHNraXl8eXZoc2tpeQ.tex
Underfull \hbox (badness 10000) in paragraph at lines 3--1

 []

) (./roots/root_eWh2dGFrd2FsfA.tex
Underfull \hbox (badness 10000) in paragraph at lines 3--1

 []



[148]) (./roots/root_eWh2dGx8.tex
Underfull \hbox (badness 10000) in paragraph at lines 3--1

 []

) (./roots/root_eWh8eQ.tex
Underfull \hbox (badness 10000) in paragraph at lines 3--1

 []

) (./roots/root_eWhhaHN0fHlhaHN0.tex
Underfull \hbox (badness 10000) in paragraph at lines 3--1

 []



[149]) (./roots/root_eWhhbnx5YW4.tex
Underfull \hbox (badness 10000) in paragraph at lines 3--1

 []

) (./roots/root_eWhlaGthbHx5ZWhrYWw.tex
Underfull \hbox (badness 10000) in paragraph at lines 3--1

 []

) (./roots/root_eWhlbHx5ZWw.tex
Underfull \hbox (badness 10000) in paragraph at lines 3--1

 []


Underfull \hbox (badness 10000) in paragraph at lines 3--18

 []



[150]) (./roots/root_eWhvbnx5b24.tex
Underfull \hbox (badness 10000) in paragraph at lines 19--1

 []

) (./roots/root_eXZ3aGFodGh8eXZ3YWh0aA.tex
Underfull \hbox (badness 10000) in paragraph at lines 3--1

 []

) (./roots/root_eXZ3aGl0fHl2d2l0.tex
Underfull \hbox (badness 10000) in paragraph at lines 3--1

 []



[151]) (./roots/root_eXZ8eXY.tex
Underfull \hbox (badness 10000) in paragraph at lines 3--1

 []

) (./roots/root_eXZsYXR8.tex
Underfull \hbox (badness 10000) in paragraph at lines 3--1

 []

) (./roots/root_eXx5.tex
Underfull \hbox (badness 10000) in paragraph at lines 3--1

 []


Underfull \hbox (badness 10000) in paragraph at lines 3--18

 []



[152]
Underfull \hbox (badness 10000) in paragraph at lines 19--34

 []


Underfull \hbox (badness 10000) in paragraph at lines 35--65

 []

) (./roots/root_fA.tex
Underfull \hbox (badness 10000) in paragraph at lines 66--1

 []



[153]
Underfull \hbox (badness 10000) in paragraph at lines 3--33

 []


Underfull \hbox (badness 10000) in paragraph at lines 34--49

 []

)
Underfull \hbox (badness 10000) in paragraph at lines 50--465

 []



[154]

[155] (./main.aux)
 ***********
LaTeX2e <2024-11-01> patch level 2
L3 programming layer <2025-01-18>
 ***********

LaTeX Font Warning: Some font shapes were not available, defaults substituted.

 ) 
Here is how much of TeX's memory you used:
 6325 strings out of 473832
 193555 string characters out of 5729482
 550708 words of memory out of 5000000
 28042 multiletter control sequences out of 15000+600000
 561685 words of font info for 59 fonts, out of 8000000 for 9000
 1348 hyphenation exceptions out of 8191
 79i,6n,93p,247b,233s stack positions out of 10000i,1000n,20000p,200000b,200000s

Output written on main.pdf (155 pages).
